Starting run at: Wed Jul 30 20:13:25 EDT 2025
 **********************************************************************
                          MRCC program system
 **********************************************************************
 
                              Written by
     Mihaly Kallay, Peter R. Nagy, David Mester, Laszlo Gyevi-Nagy,
        Jozsef Csoka, P. Bernat Szabo, Zoltan Rolik, Gyula Samu,
      Bence Hegely, Bence Ladoczki, Klara Petrov, Jozsef Csontos,
     Adam Ganyecz, Istvan Ladjanszki, Lorant Szegedy, Mate Farkas,
          Pal D. Mezei, Reka A. Horvath, and Balazs D. Lorincz
 
        Department of Physical Chemistry and Materials Science
            Budapest University of Technology and Economics
                  Budapest P.O.Box 91, H-1521 Hungary
 
                              www.mrcc.hu
 
                            Version: 25.1.1

 ************************ 2025-07-30 20:13:26 *************************
 Executing minp...

 Reading input from MINP...
 
 Input file:
 
basis=aCV6Z-MOLP
iface=cfour
uncontract=off
calc=CCSDTQ
ccprog=mrcc
mem=480GB
core=corr
itol=18
scftol=13
cctol=6
ccmaxit=999
scfmaxit=9999
scfiguess=ao
scftype=UHF
#rohftype=semicanonical
rest=1
charge=+0
mult=3
refdet=serialno
1-3
4,5

symm=2
occ=2,0,0,0,0,1,1,1/2,0,0,0,0,0,0,1
geom
O

#Li 1 R
#R=3.065

#unit=angstroms

tprint=0.01
verbosity=3
#nstate=4
 
 
 Checking keyword combinations...
 
 Keywords:
 
 active=none
 agrid=ld0006-ld0590
 agrid_pssp=ld0006-ld0194
 agrid_pssp_sm=ld0006-ld0074
 basis=acv6z-molp
 basis_sm=none
 basopt=off
 bfbasis=none
 bfgsmem=10
 bfgstol=1.0d-3
 boysalg=jacobi
 bpcompo=0.985
 bpcompv=0.98
 bpdfo=0.985
 bpocc=0.985
 bppdo=0.985
 bppdv=0.98
 bpedo=0.985
 bpedv=0.98
 bp_subsyso=0.95
 bp_subsysv=0.95
 cabscorr=off
 cabsdual=off
 calc=ccsdtq
 ccmaxit=999
 ccprog=mrcc
 ccsdalg=disk
 ccsdmkl=seq
 ccsdrest=off
 ccsdthreads=2
 cctol=6
 charge=+0
 cialg=disk
 ciguess=off
 cmpgrp=auto
 comprest=off
 coord_sys=ric
 core=corr
 corembed=off
 csapprox=off
 cvs=off
 dboc=off
 deltaf12=off
 delocsomofact=
 dendec=cholesky
 dens=0
 denscorr=0
 dfalg=lineq
 dfbasis_cab=none
 dfbasis_cor=none
 dfbasis_scf=none
 dfbasis_scf_sm=auto
 dfintran=ovirt
 dft=off
 dhexc=adc(2)
 diag=david
 docc=
 domrad=10.d0
 drpaalg=fit
 dual=off
 dual_df=off
 dyson=off
 ecp=auto
 edisp=off
 edisp_embed=off
 embed=off
 epairestfact=off
 epairscale=1.d0
 etemp=300
 epert=none
 eps=
 espcharge=off
 excrad=0.d0
 excrad_f12=0.d0
 excrad_fin=0.000000000D+00
 fastdbbsc=v2
 fitting=coulomb
 fmm=off
 fmmord=8
 fnonorb=
 freq=off
 gamma=1.d0
 gauss=spher
 geom=zmat
 gopt=off
 ghost=none
 gtol=7
 grdens=off
 grid=auto
 grid_sm=auto
 gridbatch_cos=2000
 grtol=10
 guido_ct=off
 hamilton=dc
 iface=cfour
 incore=off
 intalg=auto
 ip_ea=off
 itol=18
 laptol=1.d-2
 lccoporder=trffirst
 lcorthr=normal
 lccrest=off
 ldfgrad_tol=8
 lmp2dens=on
 lnoepso=0.d0
 lnoepsv=1e-6
 localcc=off
 localcorrsymm=off
 locintrf=disk
 mact=
 maxact=off
 maxdim=200
 maxex=0
 maxmicroit=100
 mcscfiguess=hf
 mem=480gb
 mmprog=
 molden=on
 mp2ongrid=off
 mpitasks=1
 mulmet=0
 mult=3
 nab=off
 nacto=0
 nactv=0
 naf_amp=3.16d-3
 naf_cor=off
 naf_f12=off
 naf_scf=off
 nafalg=albe
 nafdens=off
 naftyp=
 nchol=auto
 ndeps=1e-3
 nstate=1
 nsing=0
 nto=off
 ntrip=0
 num_grad=off
 occ=2,0,0,0,0,1,1,1/2,0,0,0,0,0,0,1
 occri=off
 oniom=off
 oniom_eechg=off
 oniom_pcm=off
 oniom_qcorr=off
 optalg=
 optmaxit=50
 optetol=1e-6
 optex=0
 optgtol=1e-4
 optstol=1e-3
 orblocc=off
 orbloce=off
 orbloco=off
 orblocv=off
 orblocguess=cholesky
 osveps=1e-3
 ovirt=off
 ovltol=1e-7
 ovosnorb=80.0
 pao_subsys_tol=1e-3
 pao_tol=1e-3
 pcm=off
 popul=off
 pressure=100000
 pssp=off
 ptfreq=0.0
 ptthreads=2
 qmreg=
 qmmm=off
 qro=off
 qscf=off
 redcost_exc=off
 redcost_tddft=off
 refdet=serialno
 rest=1
 rgrid=log3
 rism=off
 rohfcore=semicanonical
 rohftype=standard
 scfalg=auto
 scf_conv=auto
 scfdamp=0.0d0
 scfdamp_mode=off
 scfdamp_end=9999
 scfdamp_dampstep=0.d0
 scfdamp_dtol=0.0d0
 scfdamp_maxfact=0.0d0
 scfdamp_minfact=0.0d0
 scfdiis=on
 scfdiis_dtol=0.0d0
 scfdiis_end=9999
 scfdiis_start=2
 scfdiis_step=1
 scfdiis_watch=off
 scfdiis_wrange=10
 scfdiis_wlimit=5
 scfdiis_delmax=2
 scfdtol=14
 scfext=10
 scfguessdens=
 scfiguess=ao
 scfloc=off
 scflshift=0.20
 scflshift_end=8
 scflshift_dtol=0.0
 scflshift_gaptol=0.20
 scfmaxit=9999
 scftype=uhf
 scftol=13
 scspe=1.d0
 scsph=1.d0
 scsps=1.2d0
 scsps_t=1.2d0
 scspt=0.33333333333333
 scspt_t=0.33333333333333
 scspv=1.d0
 spairtol=1e-4
 sqmprog=
 subminp=top
 subsys_bopu=on
 symm=2
 talg=occ
 temp=298.15
 test=off
 theodore=off
 tlmo=0.999
 tpao=0.94
 tprint=0.01
 uncontract=off
 unit=angs
 usedisk=2
 verbosity=3
 wpairtol=0.100000000E-05
 ispstart=
 ispend=

 ************************ 2025-07-30 20:13:27 *************************
 Executing goldstone...

 Generation of CC equations in terms of H and T...
 Generation of antisymmetrized Goldstone diagrams...
 Number of diagrams in T^1 equations:    15
 Number of diagrams in T^2 equations:    38
 Number of diagrams in T^3 equations:    53
 Number of diagrams in T^4 equations:    74
 Translation of diagrams to factorized equations...
 Optimizing intermediate calculation...
 Number of floating-point operations per iteration step:   8.5816E+14
 Probable CPU time per iteration step (hours):         8581.64
 Required memory (Mbytes):        345851.6
 Number of intermediates:                                 104
 Number of intermediates to be stored:                     44
 Length of intermediate file (Mbytes):         16229.4

 ************************ 2025-07-30 20:13:28 *************************
 Executing xmrcc...

 **********************************************************************
 CC(                     4 ) calculation 
 
 
 Allocation of       491520.0 Mbytes of memory...
 Number of spinorbitals:                   462
 Number of alpha electrons:                        5
 Number of beta electrons:                         3
 Spin multiplicity:                     2
 z-component of spin:  1.0
 Spatial symmetry:                      2
 Convergence criterion:  1.0E-06
 Construction of occupation graphs...
 Number of                     0 -fold excitations:                      1
 Number of                     1 -fold excitations:                    324
 Number of                     2 -fold excitations:                 145092
 Number of                     3 -fold excitations:               35471029
 Number of                     4 -fold excitations:             4432226282
 Total number of configurations:             4467842728
 Calculation of coupling coefficients...
 Length of intermediate file (Mbytes):         11225.7
 
 ======================================================================
 
 Memory requirements /Mbyte/: 
               Minimal        Optimal
 Real*8:      96707.4827     96707.4827
 Integer:     39952.7974
 Total:      136660.2802    136660.2802
 

 ************************ 2025-07-30 20:36:54 *************************
 Executing mrcc...

 **********************************************************************
 CCSDTQ calculation                                                     
 
 
 OpenMP parallel version is running.
 Number of CPU cores:   4
 Allocation of        96707.5 Mbytes of memory...
 Number of spinorbitals: 462
 Number of alpha electrons:  5
 Number of beta  electrons:  3
 Spin multiplicity: 3
 z-component of spin:  1.0
 Spatial symmetry: 2
 Convergence criterion:  1.0E-06
 Construction of occupation graphs...
 Number of 0-fold excitations: 1
 Number of 1-fold excitations: 324
 Number of 2-fold excitations: 145092
 Number of 3-fold excitations: 35471029
 Number of 4-fold excitations: 4432226282
 Total number of determinants: 4467842728
 Calculation of coupling coefficients...
 Initial cluster amplitudes are read from unit 16.
 Length of intermediate file (Mbytes):         11225.7
 Reading integral list from unit 55...
 Sorting integrals...
 Sorting integrals...
 Sorting integrals...
 Sorting integrals...
 Energy of reference determinant [au]:     -74.702486409664
 Calculation of MP denominators...
 
 Starting CC iteration...
 ======================================================================
 Norm of residual vector:     0.00761931
 CPU time [min]:  3728.531                   Wall time [min]:  1228.236
 
 Iteration  1  CC energy:   -75.06408596  Energy decrease:   0.00002047
 ======================================================================
 Norm of residual vector:     0.00242456
 CPU time [min]:  7414.660                   Wall time [min]:  2404.524
 
 Iteration  2  CC energy:   -75.06420924  Energy decrease:   0.00012327
 ======================================================================
 Norm of residual vector:     0.00102047
 CPU time [min]: 11108.244                   Wall time [min]:  3588.436
 
 Iteration  3  CC energy:   -75.06424944  Energy decrease:   0.00004021
 ======================================================================
 Norm of residual vector:     0.00028339
 CPU time [min]: 14767.955                   Wall time [min]:  4750.781
 
 Iteration  4  CC energy:   -75.06425805  Energy decrease:   0.00000860
 ======================================================================
 Norm of residual vector:     0.00010684
 CPU time [min]: 18330.459                   Wall time [min]:  5889.318
 
 Iteration  5  CC energy:   -75.06426094  Energy decrease:   0.00000289
 ======================================================================
 Norm of residual vector:     0.00004153
 CPU time [min]: 21865.530                   Wall time [min]:  7024.141
 
 Iteration  6  CC energy:   -75.06426227  Energy decrease:   0.00000133
 ======================================================================
 Norm of residual vector:     0.00002165
 CPU time [min]: 25471.227                   Wall time [min]:  8173.509
 
 Iteration  7  CC energy:   -75.06426290  Energy decrease:   0.00000063
 ======================================================================
 Norm of residual vector:     0.00000939
 CPU time [min]: 29266.228                   Wall time [min]:  9367.240
 
 Iteration  8  CC energy:   -75.06426290  Energy decrease:   4.2017E-09
 ======================================================================
