Starting run at: Wed 06 Aug 2025 03:32:44 AM EDT
 **********************************************************************
                          MRCC program system
 **********************************************************************
 
                              Written by
     Mihaly Kallay, Peter R. Nagy, David Mester, Laszlo Gyevi-Nagy,
        Jozsef Csoka, P. Bernat Szabo, Zoltan Rolik, Gyula Samu,
      Bence Hegely, Bence Ladoczki, Klara Petrov, Jozsef Csontos,
     Adam Ganyecz, Istvan Ladjanszki, Lorant Szegedy, Mate Farkas,
          Pal D. Mezei, Reka A. Horvath, and Balazs D. Lorincz
 
        Department of Physical Chemistry and Materials Science
            Budapest University of Technology and Economics
                  Budapest P.O.Box 91, H-1521 Hungary
 
                              www.mrcc.hu
 
                            Version: 25.1.1

 ************************ 2025-08-06 03:32:44 *************************
 Executing minp...

 Reading input from MINP...
 
 Input file:
 
basis=aCVTZ-EMSL
iface=cfour
uncontract=off
calc=CC(5)(6)
ccprog=mrcc
mem=25GB
core=corr
itol=18
scftol=13
cctol=6
ccmaxit=999
scfmaxit=9999
scfiguess=ao
scftype=UHF
#rohftype=semicanonical
#rest=1
charge=+0
mult=3
refdet=serialno
1-3
4,5

symm=2
occ=2,0,0,0,0,1,1,1/2,0,0,0,0,0,0,1
geom
O

#Li 1 R
#R=3.065

#unit=angstroms

tprint=0.01
verbosity=3
#nstate=4
 
 
 Checking keyword combinations...
 
 Keywords:
 
 active=none
 agrid=ld0006-ld0590
 agrid_pssp=ld0006-ld0194
 agrid_pssp_sm=ld0006-ld0074
 basis=acvtz-emsl
 basis_sm=none
 basopt=off
 bfbasis=none
 bfgsmem=10
 bfgstol=1.0d-3
 boysalg=jacobi
 bpcompo=0.985
 bpcompv=0.98
 bpdfo=0.985
 bpocc=0.985
 bppdo=0.985
 bppdv=0.98
 bpedo=0.985
 bpedv=0.98
 bp_subsyso=0.95
 bp_subsysv=0.95
 cabscorr=off
 cabsdual=off
 calc=cc(5)(6)
 ccmaxit=999
 ccprog=mrcc
 ccsdalg=disk
 ccsdmkl=seq
 ccsdrest=off
 ccsdthreads=2
 cctol=6
 charge=+0
 cialg=disk
 ciguess=off
 cmpgrp=auto
 comprest=off
 coord_sys=ric
 core=corr
 corembed=off
 csapprox=off
 cvs=off
 dboc=off
 deltaf12=off
 delocsomofact=
 dendec=cholesky
 dens=0
 denscorr=0
 dfalg=lineq
 dfbasis_cab=none
 dfbasis_cor=none
 dfbasis_scf=none
 dfbasis_scf_sm=auto
 dfintran=ovirt
 dft=off
 dhexc=adc(2)
 diag=david
 docc=
 domrad=10.d0
 drpaalg=fit
 dual=off
 dual_df=off
 dyson=off
 ecp=auto
 edisp=off
 edisp_embed=off
 embed=off
 epairestfact=off
 epairscale=1.d0
 etemp=300
 epert=none
 eps=
 espcharge=off
 excrad=0.d0
 excrad_f12=0.d0
 excrad_fin=0.000000000D+00
 fastdbbsc=v2
 fitting=coulomb
 fmm=off
 fmmord=8
 fnonorb=
 freq=off
 gamma=1.d0
 gauss=spher
 geom=zmat
 gopt=off
 ghost=none
 gtol=7
 grdens=off
 grid=auto
 grid_sm=auto
 gridbatch_cos=2000
 grtol=10
 guido_ct=off
 hamilton=dc
 iface=cfour
 incore=off
 intalg=auto
 ip_ea=off
 itol=18
 laptol=1.d-2
 lccoporder=trffirst
 lcorthr=normal
 lccrest=off
 ldfgrad_tol=8
 lmp2dens=on
 lnoepso=0.d0
 lnoepsv=1e-6
 localcc=off
 localcorrsymm=off
 locintrf=disk
 mact=
 maxact=off
 maxdim=200
 maxex=0
 maxmicroit=100
 mcscfiguess=hf
 mem=25gb
 mmprog=
 molden=on
 mp2ongrid=off
 mpitasks=1
 mulmet=0
 mult=3
 nab=off
 nacto=0
 nactv=0
 naf_amp=3.16d-3
 naf_cor=off
 naf_f12=off
 naf_scf=off
 nafalg=albe
 nafdens=off
 naftyp=
 nchol=auto
 ndeps=1e-3
 nstate=1
 nsing=0
 nto=off
 ntrip=0
 num_grad=off
 occ=2,0,0,0,0,1,1,1/2,0,0,0,0,0,0,1
 occri=off
 oniom=off
 oniom_eechg=off
 oniom_pcm=off
 oniom_qcorr=off
 optalg=
 optmaxit=50
 optetol=1e-6
 optex=0
 optgtol=1e-4
 optstol=1e-3
 orblocc=off
 orbloce=off
 orbloco=off
 orblocv=off
 orblocguess=cholesky
 osveps=1e-3
 ovirt=off
 ovltol=1e-7
 ovosnorb=80.0
 pao_subsys_tol=1e-3
 pao_tol=1e-3
 pcm=off
 popul=off
 pressure=100000
 pssp=off
 ptfreq=0.0
 ptthreads=2
 qmreg=
 qmmm=off
 qro=off
 qscf=off
 redcost_exc=off
 redcost_tddft=off
 refdet=serialno
 rest=0
 rgrid=log3
 rism=off
 rohfcore=semicanonical
 rohftype=semicanonical
 scfalg=auto
 scf_conv=auto
 scfdamp=0.0d0
 scfdamp_mode=off
 scfdamp_end=9999
 scfdamp_dampstep=0.d0
 scfdamp_dtol=0.0d0
 scfdamp_maxfact=0.0d0
 scfdamp_minfact=0.0d0
 scfdiis=on
 scfdiis_dtol=0.0d0
 scfdiis_end=9999
 scfdiis_start=2
 scfdiis_step=1
 scfdiis_watch=off
 scfdiis_wrange=10
 scfdiis_wlimit=5
 scfdiis_delmax=2
 scfdtol=14
 scfext=10
 scfguessdens=
 scfiguess=ao
 scfloc=off
 scflshift=0.20
 scflshift_end=8
 scflshift_dtol=0.0
 scflshift_gaptol=0.20
 scfmaxit=9999
 scftype=uhf
 scftol=13
 scspe=1.d0
 scsph=1.d0
 scsps=1.2d0
 scsps_t=1.2d0
 scspt=0.33333333333333
 scspt_t=0.33333333333333
 scspv=1.d0
 spairtol=1e-4
 sqmprog=
 subminp=top
 subsys_bopu=on
 symm=2
 talg=occ
 temp=298.15
 test=off
 theodore=off
 tlmo=0.999
 tpao=0.94
 tprint=0.01
 uncontract=off
 unit=angs
 usedisk=2
 verbosity=3
 wpairtol=0.100000000E-05
 ispstart=
 ispend=

 ************************ 2025-08-06 03:32:45 *************************
 Executing goldstone...

 Generation of CC equations in terms of H and T...
 Generation of antisymmetrized Goldstone diagrams...
 Number of diagrams in T^1 equations:    15
 Number of diagrams in T^2 equations:    38
 Number of diagrams in T^3 equations:    54
 Number of diagrams in T^4 equations:    81
 Number of diagrams in T^5 equations:   102
 Number of diagrams in T^6 equations:    14
 Translation of diagrams to factorized equations...
 Optimizing intermediate calculation...
 Number of floating-point operations per iteration step:   7.3467E+13
 Probable CPU time per iteration step (hours):          734.67
 Required memory (Mbytes):         57193.6
 Number of intermediates:                                 164
 Number of intermediates to be stored:                     69
 Length of intermediate file (Mbytes):         26091.9

 ************************ 2025-08-06 03:32:45 *************************
 Executing xmrcc...

 **********************************************************************
 CC(5)(6) calculation 
 
 
 Allocation of        25600.0 Mbytes of memory...
 Number of spinorbitals:                   118
 Number of alpha electrons:                        5
 Number of beta electrons:                         3
 Spin multiplicity:                     2
 z-component of spin:  1.0
 Spatial symmetry:                      2
 Convergence criterion:  1.0E-06
 Construction of occupation graphs...
 Number of                     0 -fold excitations:                      1
 Number of                     1 -fold excitations:                     88
 Number of                     2 -fold excitations:                   8873
 Number of                     3 -fold excitations:                 496442
 Number of                     4 -fold excitations:               14610752
 Number of                     5 -fold excitations:              226413226
 Total number of configurations:              241529382
 Calculation of coupling coefficients...
 Length of intermediate file (Mbytes):         14887.6
 
 ======================================================================
 
 Spin case  1   Alpha:  3   Beta:  3
 Number of excitations:              859456500
 Spin case  2   Alpha:  4   Beta:  2
 Number of excitations:              913224258
 Spin case  3   Alpha:  5   Beta:  1
 Number of excitations:               66462598
 Number of                     6 -fold excitations:             1839143356
 
 Memory requirements /Mbyte/: 
               Minimal        Optimal
 Real*8:      19198.8259     19198.8259
 Integer:      2108.8884
 Total:       21307.7143     21307.7143
 

 ************************ 2025-08-06 03:33:36 *************************
 Executing mrcc...

 **********************************************************************
 CC(5)(6) calculation                                                   
 
 
 OpenMP parallel version is running.
 Number of CPU cores:   4
 Allocation of        19198.8 Mbytes of memory...
 Number of spinorbitals: 118
 Number of alpha electrons:  5
 Number of beta  electrons:  3
 Spin multiplicity: 3
 z-component of spin:  1.0
 Spatial symmetry: 2
 Convergence criterion:  1.0E-06
 Construction of occupation graphs...
 Number of 0-fold excitations: 1
 Number of 1-fold excitations: 88
 Number of 2-fold excitations: 8873
 Number of 3-fold excitations: 496442
 Number of 4-fold excitations: 14610752
 Number of 5-fold excitations: 226413226
 Total number of determinants: 241529382
 Calculation of coupling coefficients...
 Initial cluster amplitudes are generated.
 Length of intermediate file (Mbytes):   14887.6
 Reading integral list from unit 55...
 Sorting integrals...
 Sorting integrals...
 Sorting integrals...
 Sorting integrals...
 Energy of reference determinant [au]:     -74.648373285179
 Calculation of MP denominators...
 
 Starting CC iteration...
 ======================================================================
 Norm of residual vector:     2.74497347
 CPU time [min]:   115.388                   Wall time [min]:    39.486
 
 Iteration  1  CC energy:   -74.95701794  Energy decrease:   0.30864466
 ======================================================================
 Norm of residual vector:     0.44176244
 CPU time [min]:   227.127                   Wall time [min]:    77.129
 
 Iteration  2  CC energy:   -75.01278301  Energy decrease:   0.05576507
 ======================================================================
 Norm of residual vector:     0.14257792
 CPU time [min]:   344.099                   Wall time [min]:   116.728
 
 Iteration  3  CC energy:   -75.03935305  Energy decrease:   0.02657004
 ======================================================================
 Norm of residual vector:     0.05159132
 CPU time [min]:   461.424                   Wall time [min]:   156.202
 
 Iteration  4  CC energy:   -75.03151552  Energy decrease:   0.00783753
 ======================================================================
 Norm of residual vector:     0.02019742
 CPU time [min]:   578.710                   Wall time [min]:   195.536
 
 Iteration  5  CC energy:   -75.03626361  Energy decrease:   0.00474809
 ======================================================================
 Norm of residual vector:     0.00990440
 CPU time [min]:   695.858                   Wall time [min]:   235.009
 
 Iteration  6  CC energy:   -75.03619729  Energy decrease:   0.00006632
 ======================================================================
 Norm of residual vector:     0.00488551
 CPU time [min]:   813.751                   Wall time [min]:   274.843
 
 Iteration  7  CC energy:   -75.03630692  Energy decrease:   0.00010963
 ======================================================================
 Norm of residual vector:     0.00228091
 CPU time [min]:   932.322                   Wall time [min]:   315.171
 
 Iteration  8  CC energy:   -75.03605737  Energy decrease:   0.00024956
 ======================================================================
 Norm of residual vector:     0.00106768
 CPU time [min]:  1050.462                   Wall time [min]:   355.047
 
 Iteration  9  CC energy:   -75.03622712  Energy decrease:   0.00016975
 ======================================================================
 Norm of residual vector:     0.00047631
 CPU time [min]:  1172.595                   Wall time [min]:   398.078
 
 Iteration 10  CC energy:   -75.03620422  Energy decrease:   0.00002290
 ======================================================================
 Norm of residual vector:     0.00019130
 CPU time [min]:  1292.411                   Wall time [min]:   438.848
 
 Iteration 11  CC energy:   -75.03619624  Energy decrease:   0.00000799
 ======================================================================
 Norm of residual vector:     0.00007189
 CPU time [min]:  1421.169                   Wall time [min]:   483.128
 
 Iteration 12  CC energy:   -75.03619794  Energy decrease:   0.00000170
 ======================================================================
 Norm of residual vector:     0.00002840
 CPU time [min]:  1553.377                   Wall time [min]:   528.411
 
 Iteration 13  CC energy:   -75.03619883  Energy decrease:   0.00000090
 ======================================================================
 Norm of residual vector:     0.00001254
 CPU time [min]:  1685.454                   Wall time [min]:   573.878
 
 Iteration 14  CC energy:   -75.03619863  Energy decrease:   0.00000020
 ======================================================================
 Norm of residual vector:     0.00000536
 CPU time [min]:  1815.119                   Wall time [min]:   618.261
 
 Iteration 15  CC energy:   -75.03619858  Energy decrease:   0.00000005
 ======================================================================
 Norm of residual vector:     0.00000211
 CPU time [min]:  1935.658                   Wall time [min]:   659.743
 
 Iteration 16  CC energy:   -75.03619858  Energy decrease:   0.00000001
 ======================================================================
 Norm of residual vector:     0.00000086
 CPU time [min]:  2056.631                   Wall time [min]:   701.479
 
 Iteration 17  CC energy:   -75.03619860  Energy decrease:   0.00000002
 ======================================================================
 
 Iteration has converged in 17 steps.
 
 Final results:
 Total CCSDTQP energy [au]:                   -75.036198599133
 
 Perturbative corrections are calculated...
 ======================================================================
 Spin case  1   Alpha:  3   Beta:  3
 Number of excitations:        859456500
 ispcorr1 :     0.000000000000
 ispcorr2 :     0.000000000000
 corr1    :     0.000000000000
 corr2    :     0.000000000000
 CPU time [min]:  9102.159                   Wall time [min]:  2503.739
 ======================================================================
 Spin case  2   Alpha:  4   Beta:  2
 Number of excitations:        913224258
 ispcorr1 :     0.000000000000
 ispcorr2 :     0.000000000000
 corr1    :     0.000000000000
 corr2    :     0.000000000000
 CPU time [min]: 15735.869                   Wall time [min]:  4184.967
 ======================================================================
 Spin case  3   Alpha:  5   Beta:  1
 Number of excitations:        66462598
 ispcorr1 :     0.000000000000
 ispcorr2 :     0.000000000000
 corr1    :     0.000000000000
 corr2    :     0.000000000000
 CPU time [min]: 16980.115                   Wall time [min]:  4500.736
 ======================================================================
 Number of 6-fold excitations: 1839143356
 
 T_2^+ contribution [au]:                      -0.000000000094
 corr1 :    -0.000000000094
 corr3 :     0.000000000000
 corr4 :     0.000000000000
 T_2^+ contribution [au]:                      -0.000000000311
 corr2 :    -0.000000000311
 corr3 :     0.000000000000
 corr4 :     0.000000000000
 T_3^+ contribution [au]:                      -0.000000000703
 T_1^+ * T_2^+ contribution [au]:               0.000000000047
 T_1^+ * <ab||ij> contribution [au]:            0.000000000088
 T_2^+ * f_ai contribution [au]:               -0.000000000017
 corr2 :    -0.000000001014
 corr3 :     0.000000000047
 corr4 :     0.000000000072
 
 T_2^+ contribution [au]:                       0.000000017509
 corr1 :     0.000000017509
 corr3 :     0.000000000047
 corr4 :     0.000000000072
 T_2^+ contribution [au]:                      -0.000000003048
 corr2 :    -0.000000003048
 corr3 :     0.000000000047
 corr4 :     0.000000000072
 T_3^+ contribution [au]:                      -0.000000006488
 T_1^+ * T_2^+ contribution [au]:              -0.000000008045
 T_1^+ * <ab||ij> contribution [au]:           -0.000000005307
 T_2^+ * f_ai contribution [au]:               -0.000000003452
 corr2 :    -0.000000009536
 corr3 :    -0.000000007998
 corr4 :    -0.000000008687
 
 T_2^+ contribution [au]:                       0.000000017429
 corr1 :     0.000000017429
 corr3 :    -0.000000007998
 corr4 :    -0.000000008687
 T_2^+ contribution [au]:                      -0.000000003126
 corr2 :    -0.000000003126
 corr3 :    -0.000000007998
 corr4 :    -0.000000008687
 T_3^+ contribution [au]:                      -0.000000006590
 T_1^+ * T_2^+ contribution [au]:              -0.000000008073
 T_1^+ * <ab||ij> contribution [au]:           -0.000000005328
 T_2^+ * f_ai contribution [au]:               -0.000000003466
 corr2 :    -0.000000009716
 corr3 :    -0.000000016071
 corr4 :    -0.000000017480
 
 CPU time [min]: 17005.507                   Wall time [min]:  4544.800
 
 Total CC(5)[6] energy [au]:                  -75.036198581704
 Total CC(5)(6)/A energy [au]:                -75.036198607491
 Total CC(5)(6)/B energy [au]:                -75.036198608900
 
 Dominant cluster amplitudes
 Printing threshold:  1.00E-02
 
    1.000000  Reference determinant                                     
   -0.029451  2b -> 10b                                                 
    0.012099  2b -> 14b                                                 
   -0.010734  2b -> 18b                                                 
   -0.029569  2b -> 26b                                                 
    0.011604  2b -> 30b                                                 
   -0.669905  3b -> 7b                                                  
   -0.206164  3b -> 15b                                                 
    0.034172  3b -> 31b                                                 
    0.014402  2a -> 14a                                                 
   -0.011602  2a -> 26a                                                 
    0.024730  2a -> 30a                                                 
    0.020886  3a -> 7a                                                  
    0.014071  3a -> 23a                                                 
   -0.011083  4a -> 16a                                                 
    0.010025  4a -> 24a                                                 
   -0.023642  5a -> 9a                                                  
   -0.034039  5a -> 17a                                                 
    0.014989  5a -> 25a                                                 
    0.010425  5a -> 41a                                                 
   -0.012099  2b 3b -> 4b 11b                                           
    0.010359  2b 3b -> 8b 11b                                           
   -0.016447  2b 3b -> 5b 13b                                           
   -0.010149  2b 3b -> 6b 15b                                           
    0.014995  2b 3b -> 15b 18b                                          
   -0.011604  2b 3b -> 4b 27b                                           
    0.010845  2b 3b -> 8b 27b                                           
   -0.016379  2b 3b -> 5b 29b                                           
   -0.015398  2a 2b -> 18a 18b                                          
   -0.010779  3a 3b -> 10a 14b                                          
   -0.010232  3a 3b -> 26a 14b                                          
   -0.013832  3a 3b -> 18a 18b                                          
   -0.011185  3a 3b -> 10a 30b                                          
   -0.018288  3a 3b -> 26a 30b                                          
   -0.010804  3a 3b -> 13a 13b                                          
   -0.010503  3a 3b -> 29a 13b                                          
   -0.010918  3a 3b -> 13a 29b                                          
   -0.018267  3a 3b -> 29a 29b                                          
   -0.010779  3a 3b -> 11a 11b                                          
   -0.010232  3a 3b -> 27a 11b                                          
   -0.011185  3a 3b -> 11a 27b                                          
   -0.018288  3a 3b -> 27a 27b                                          
   -0.020242  3a 3b -> 7a 7b                                            
   -0.029167  3a 3b -> 15a 7b                                           
   -0.029460  3a 3b -> 7a 15b                                           
   -0.052506  3a 3b -> 15a 15b                                          
    0.018500  3a 3b -> 31a 15b                                          
    0.019207  3a 3b -> 15a 31b                                          
   -0.018474  3a 3b -> 31a 31b                                          
   -0.010173  2a 2b -> 16a 8b                                           
   -0.011043  2a 2b -> 16a 16b                                          
    0.015336  2a 2b -> 17a 5b                                           
    0.010178  3a 3b -> 9a 5b                                            
    0.010093  3a 3b -> 17a 5b                                           
   -0.012803  5a 3b -> 30a 29b                                          
   -0.012757  5a 3b -> 28a 27b                                          
   -0.012757  5a 3b -> 29a 30b                                          
    0.020844  5a 3b -> 7a 5b                                            
    0.017563  5a 3b -> 15a 5b                                           
   -0.013735  5a 3b -> 9a 7b                                            
   -0.022304  5a 3b -> 17a 7b                                           
   -0.019273  5a 3b -> 9a 15b                                           
   -0.038063  5a 3b -> 17a 15b                                          
    0.015169  5a 3b -> 33a 15b                                          
    0.014418  5a 3b -> 17a 31b                                          
   -0.013518  5a 3b -> 33a 31b                                          
   -0.012679  4a 3b -> 28a 29b                                          
    0.014183  4a 3b -> 7a 4b                                            
    0.010901  4a 3b -> 15a 4b                                           
   -0.013649  4a 3b -> 7a 8b                                            
   -0.011790  4a 3b -> 15a 8b                                           
   -0.011335  4a 3b -> 15a 16b                                          
   -0.013978  4a 3b -> 8a 7b                                            
   -0.021999  4a 3b -> 16a 7b                                           
   -0.019751  4a 3b -> 8a 15b                                           
   -0.037702  4a 3b -> 16a 15b                                          
    0.014973  4a 3b -> 32a 15b                                          
    0.014397  4a 3b -> 16a 31b                                          
   -0.013469  4a 3b -> 32a 31b                                          
   -0.010715  2a 3b -> 6a 7b                                            
   -0.014192  2a 3b -> 18a 7b                                           
   -0.017979  2a 3b -> 6a 15b                                           
   -0.028415  2a 3b -> 18a 15b                                          
   -0.010506  2a 3b -> 34a 15b                                          
    0.012733  2a 3b -> 18a 31b                                          
    0.011108  2a 3b -> 34a 31b                                          
   -0.011042  3a 2b -> 18a 15b                                          
   -0.016455  2a 3b -> 29a 5b                                           
   -0.019910  3a 2b -> 13a 5b                                           
   -0.027725  3a 2b -> 29a 5b                                           
   -0.011602  2a 3b -> 27a 4b                                           
    0.010741  2a 3b -> 27a 8b                                           
   -0.014921  3a 2b -> 11a 4b                                           
   -0.019361  3a 2b -> 27a 4b                                           
    0.012839  3a 2b -> 11a 8b                                           
    0.018091  3a 2b -> 27a 8b                                           
    0.010537  3a 2b -> 27a 16b                                          
   -0.012036  2a 3b -> 15a 18b                                          
   -0.012570  3a 2b -> 15a 6b                                           
   -0.020077  3a 2b -> 15a 18b                                          
    0.014921  4a 2b -> 10a 4b                                           
    0.019361  4a 2b -> 26a 4b                                           
    0.011813  4a 2b -> 30a 4b                                           
   -0.012928  4a 2b -> 10a 8b                                           
   -0.018085  4a 2b -> 26a 8b                                           
   -0.011011  4a 2b -> 30a 8b                                           
   -0.012067  4a 2b -> 18a 16b                                          
   -0.010567  4a 2b -> 26a 16b                                          
   -0.020193  4a 2b -> 12a 5b                                           
   -0.028456  4a 2b -> 28a 5b                                           
   -0.010122  4a 2b -> 44a 5b                                           
   -0.012289  4a 2b -> 16a 6b                                           
   -0.019709  4a 2b -> 16a 18b                                          
    0.010107  4a 2b -> 32a 18b                                          
    0.013667  5a 2b -> 6a 5b                                            
   -0.023316  5a 2b -> 14a 5b                                           
    0.012678  5a 2b -> 18a 5b                                           
   -0.032626  5a 2b -> 30a 5b                                           
   -0.011734  5a 2b -> 46a 5b                                           
   -0.014967  5a 2b -> 12a 4b                                           
   -0.020010  5a 2b -> 28a 4b                                           
    0.012936  5a 2b -> 12a 8b                                           
    0.018672  5a 2b -> 28a 8b                                           
    0.010874  5a 2b -> 28a 16b                                          
   -0.012434  5a 2b -> 17a 6b                                           
   -0.019905  5a 2b -> 17a 18b                                          
    0.010223  5a 2b -> 33a 18b                                          
   -0.020050  4a 5a -> 16a 17a                                          
   -0.013039  4a 5a -> 28a 30a                                          
   -0.011040  3a 5a -> 7a 17a                                           
   -0.019944  3a 5a -> 15a 17a                                          
   -0.013211  3a 5a -> 29a 30a                                          
   -0.010895  3a 4a -> 7a 16a                                           
   -0.019755  3a 4a -> 15a 16a                                          
   -0.015312  3a 4a -> 26a 27a                                          
    0.010681  2a 3a -> 15a 18a                                          
    0.010793  2a 4a -> 16a 18a                                          
    0.010908  2a 5a -> 17a 18a                                          
 
 ************************ 2025-08-09 07:18:34 *************************
                      Normal termination of mrcc.
 **********************************************************************
Program finished with exit code 0 at: Sat 09 Aug 2025 07:18:34 AM EDT
