Reported energy values from perturbative corrections:

O-aCV7Z CCSDT(Q)-isp4
----------------------------------------------
CCSDT[Q]   = ecc + corr1 
CSCDT(Q)/A = ecc + corr1 + corr2 + corr3 
CSCDT(Q)/B = ecc + corr1 + corr2 + corr4 
corr1 = T_2^+ contribution 
corr2 = T_3^+ contribution 
corr3 = T_1^+ * T_2^+ contribution
corr4 = T_1^+ * <ab||ij> contribution + T_2^+ * f_ai contribution
----------------------------------------------
Spin case  4   Alpha:  4   Beta:  0
Number of excitations:        669499953

T_2^+ contribution            : -0.000000036311
T_3^+ contribution            : -0.000000765951
T_1^+ * T_2^+ contribution    : -0.000000085885
T_1^+ * <ab||ij> contribution : -0.000000022231
T_2^+ * f_ai contribution     : -0.000000255185
----------------------------------------------
CCSDT           : -75.065 384 945 617
CCSDT[Q]-isp4   : -75.065 384 981 928
CCSDT(Q)/A-isp4 : -75.065 385 833 764
CCSDT(Q)/B-isp4 : -75.065 386 111 180
