Starting run at: Tue Jul 29 03:28:31 EDT 2025
 **********************************************************************
                          MRCC program system
 **********************************************************************
 
                              Written by
     Mihaly Kallay, Peter R. Nagy, David Mester, Laszlo Gyevi-Nagy,
        Jozsef Csoka, P. Bernat Szabo, Zoltan Rolik, Gyula Samu,
      Bence Hegely, Bence Ladoczki, Klara Petrov, Jozsef Csontos,
     Adam Ganyecz, Istvan Ladjanszki, Lorant Szegedy, Mate Farkas,
          Pal D. Mezei, Reka A. Horvath, and Balazs D. Lorincz
 
        Department of Physical Chemistry and Materials Science
            Budapest University of Technology and Economics
                  Budapest P.O.Box 91, H-1521 Hungary
 
                              www.mrcc.hu
 
                            Version: 25.1.1

 ************************ 2025-07-29 03:28:31 *************************
 Executing minp...

 Reading input from MINP...
 
 Input file:
 
basis=aCV7Z-FELLER
iface=cfour
uncontract=off
calc=CCSDT(Q)
ccprog=mrcc
mem=250GB
ispstart=4
ispend=4
core=corr
itol=18
scftol=13
cctol=6
ccmaxit=999
scfmaxit=9999
scfiguess=ao
scftype=UHF
#rohftype=semicanonical
rest=1
charge=+0
mult=3
refdet=serialno
1-3
4,5

symm=2
occ=2,0,0,0,0,1,1,1/2,0,0,0,0,0,0,1
geom
O

#Li 1 R
#R=3.065

#unit=angstroms

tprint=0.01
verbosity=3
#nstate=4
 
 
 Checking keyword combinations...
 
 Keywords:
 
 active=none
 agrid=ld0006-ld0590
 agrid_pssp=ld0006-ld0194
 agrid_pssp_sm=ld0006-ld0074
 basis=acv7z-feller
 basis_sm=none
 basopt=off
 bfbasis=none
 bfgsmem=10
 bfgstol=1.0d-3
 boysalg=jacobi
 bpcompo=0.985
 bpcompv=0.98
 bpdfo=0.985
 bpocc=0.985
 bppdo=0.985
 bppdv=0.98
 bpedo=0.985
 bpedv=0.98
 bp_subsyso=0.95
 bp_subsysv=0.95
 cabscorr=off
 cabsdual=off
 calc=ccsdt(q)
 ccmaxit=999
 ccprog=mrcc
 ccsdalg=disk
 ccsdmkl=seq
 ccsdrest=off
 ccsdthreads=2
 cctol=6
 charge=+0
 cialg=disk
 ciguess=off
 cmpgrp=auto
 comprest=off
 coord_sys=ric
 core=corr
 corembed=off
 csapprox=off
 cvs=off
 dboc=off
 deltaf12=off
 delocsomofact=
 dendec=cholesky
 dens=0
 denscorr=0
 dfalg=lineq
 dfbasis_cab=none
 dfbasis_cor=none
 dfbasis_scf=none
 dfbasis_scf_sm=auto
 dfintran=ovirt
 dft=off
 dhexc=adc(2)
 diag=david
 docc=
 domrad=10.d0
 drpaalg=fit
 dual=off
 dual_df=off
 dyson=off
 ecp=auto
 edisp=off
 edisp_embed=off
 embed=off
 epairestfact=off
 epairscale=1.d0
 etemp=300
 epert=none
 eps=
 espcharge=off
 excrad=0.d0
 excrad_f12=0.d0
 excrad_fin=0.000000000D+00
 fastdbbsc=v2
 fitting=coulomb
 fmm=off
 fmmord=8
 fnonorb=
 freq=off
 gamma=1.d0
 gauss=spher
 geom=zmat
 gopt=off
 ghost=none
 gtol=7
 grdens=off
 grid=auto
 grid_sm=auto
 gridbatch_cos=2000
 grtol=10
 guido_ct=off
 hamilton=dc
 iface=cfour
 incore=off
 intalg=auto
 ip_ea=off
 itol=18
 laptol=1.d-2
 lccoporder=trffirst
 lcorthr=normal
 lccrest=off
 ldfgrad_tol=8
 lmp2dens=on
 lnoepso=0.d0
 lnoepsv=1e-6
 localcc=off
 localcorrsymm=off
 locintrf=disk
 mact=
 maxact=off
 maxdim=200
 maxex=0
 maxmicroit=100
 mcscfiguess=hf
 mem=250gb
 mmprog=
 molden=on
 mp2ongrid=off
 mpitasks=1
 mulmet=0
 mult=3
 nab=off
 nacto=0
 nactv=0
 naf_amp=3.16d-3
 naf_cor=off
 naf_f12=off
 naf_scf=off
 nafalg=albe
 nafdens=off
 naftyp=
 nchol=auto
 ndeps=1e-3
 nstate=1
 nsing=0
 nto=off
 ntrip=0
 num_grad=off
 occ=2,0,0,0,0,1,1,1/2,0,0,0,0,0,0,1
 occri=off
 oniom=off
 oniom_eechg=off
 oniom_pcm=off
 oniom_qcorr=off
 optalg=
 optmaxit=50
 optetol=1e-6
 optex=0
 optgtol=1e-4
 optstol=1e-3
 orblocc=off
 orbloce=off
 orbloco=off
 orblocv=off
 orblocguess=cholesky
 osveps=1e-3
 ovirt=off
 ovltol=1e-7
 ovosnorb=80.0
 pao_subsys_tol=1e-3
 pao_tol=1e-3
 pcm=off
 popul=off
 pressure=100000
 pssp=off
 ptfreq=0.0
 ptthreads=2
 qmreg=
 qmmm=off
 qro=off
 qscf=off
 redcost_exc=off
 redcost_tddft=off
 refdet=serialno
 rest=1
 rgrid=log3
 rism=off
 rohfcore=semicanonical
 rohftype=semicanonical
 scfalg=auto
 scf_conv=auto
 scfdamp=0.0d0
 scfdamp_mode=off
 scfdamp_end=9999
 scfdamp_dampstep=0.d0
 scfdamp_dtol=0.0d0
 scfdamp_maxfact=0.0d0
 scfdamp_minfact=0.0d0
 scfdiis=on
 scfdiis_dtol=0.0d0
 scfdiis_end=9999
 scfdiis_start=2
 scfdiis_step=1
 scfdiis_watch=off
 scfdiis_wrange=10
 scfdiis_wlimit=5
 scfdiis_delmax=2
 scfdtol=14
 scfext=10
 scfguessdens=
 scfiguess=ao
 scfloc=off
 scflshift=0.20
 scflshift_end=8
 scflshift_dtol=0.0
 scflshift_gaptol=0.20
 scfmaxit=9999
 scftype=uhf
 scftol=13
 scspe=1.d0
 scsph=1.d0
 scsps=1.2d0
 scsps_t=1.2d0
 scspt=0.33333333333333
 scspt_t=0.33333333333333
 scspv=1.d0
 spairtol=1e-4
 sqmprog=
 subminp=top
 subsys_bopu=on
 symm=2
 talg=occ
 temp=298.15
 test=off
 theodore=off
 tlmo=0.999
 tpao=0.94
 tprint=0.01
 uncontract=off
 unit=angs
 usedisk=2
 verbosity=3
 wpairtol=0.100000000E-05
 ispstart=4
 ispend=4

 ************************ 2025-07-29 03:28:32 *************************
 Executing goldstone...

 Generation of CC equations in terms of H and T...
 Generation of antisymmetrized Goldstone diagrams...
 Number of diagrams in T^1 equations:    15
 Number of diagrams in T^2 equations:    38
 Number of diagrams in T^3 equations:    50
 Number of diagrams in T^4 equations:     5
 Translation of diagrams to factorized equations...
 Optimizing intermediate calculation...
 Number of floating-point operations per iteration step:   7.5104E+14
 Probable CPU time per iteration step (hours):         7510.37
 Required memory (Mbytes):       3429163.7
 Number of intermediates:                                  80
 Number of intermediates to be stored:                     32
 Length of intermediate file (Mbytes):         53382.4

 ************************ 2025-07-29 03:28:33 *************************
 Executing xmrcc...

 **********************************************************************
 CC(3)(4) calculation 
 
 
 Allocation of       256000.0 Mbytes of memory...
 Number of spinorbitals:                   814
 Number of alpha electrons:                        5
 Number of beta electrons:                         3
 Spin multiplicity:                     2
 z-component of spin:  1.0
 Spatial symmetry:                      2
 Convergence criterion:  1.0E-06
 Construction of occupation graphs...
 Number of                     0 -fold excitations:                      1
 Number of                     1 -fold excitations:                    544
 Number of                     2 -fold excitations:                 451047
 Number of                     3 -fold excitations:              198762216
 Total number of configurations:              199213808
 Calculation of coupling coefficients...
 Length of intermediate file (Mbytes):         40173.4
 
 ======================================================================
 
 Spin case  1   Alpha:  1   Beta:  3
 Number of excitations:             2741611336
 Spin case  2   Alpha:  2   Beta:  2
 Number of excitations:            24610760337
 Spin case  3   Alpha:  3   Beta:  1
 Number of excitations:            16276773388
 Spin case  4   Alpha:  4   Beta:  0
 Number of excitations:              669499953
 Number of                     4 -fold excitations:            44298645014
 
 Memory requirements /Mbyte/: 
               Minimal        Optimal
 Real*8:      95284.8098    209352.5262
 Integer:      5342.7277
 Total:      100627.5375    214695.2538
 

 ************************ 2025-07-29 03:43:36 *************************
 Executing mrcc...

 **********************************************************************
 CCSDT(Q) calculation                                                   
 
 
 OpenMP parallel version is running.
 Number of CPU cores:   4
 Allocation of       209352.5 Mbytes of memory...
 Number of spinorbitals: 814
 Number of alpha electrons:  5
 Number of beta  electrons:  3
 Spin multiplicity: 3
 z-component of spin:  1.0
 Spatial symmetry: 2
 Convergence criterion:  1.0E-06
 Construction of occupation graphs...
 Number of 0-fold excitations: 1
 Number of 1-fold excitations: 544
 Number of 2-fold excitations: 451047
 Number of 3-fold excitations: 198762216
 Total number of determinants: 199213808
 Calculation of coupling coefficients...
 Initial cluster amplitudes are read from unit 16.
 Length of intermediate file (Mbytes):   40173.4
 Reading integral list from unit 55...
 Sorting integrals...
 Sorting integrals...
 Sorting integrals...
 Sorting integrals...
 Energy of reference determinant [au]:     -74.515127424677
 Calculation of MP denominators...
 
 Starting CC iteration...
 ======================================================================
 Using converged CC amplitudes, skipping
 
 Iteration has converged in  1 steps.
 
 Final results:
 Total CCSDT energy [au]:                     -75.065384945617
 
 Perturbative corrections are calculated...
 ======================================================================
 Spin case  4   Alpha:  4   Beta:  0
 Number of excitations:        669499953
 ispcorr1 :     0.000000000000
 ispcorr2 :     0.000000000000
 corr1    :     0.000000000000
 corr2    :     0.000000000000
 CPU time [min]:  5635.548                   Wall time [min]:  1673.360
 ======================================================================
 Number of 4-fold excitations: 669499953
 
 T_2^+ contribution [au]:                      -0.000000036311
 corr1 :    -0.000000036311
 corr3 :     0.000000000000
 corr4 :     0.000000000000
 T_3^+ contribution [au]:                      -0.000000765951
 T_1^+ * T_2^+ contribution [au]:              -0.000000085885
 T_1^+ * <ab||ij> contribution [au]:           -0.000000022231
 T_2^+ * f_ai contribution [au]:               -0.000000255185
 corr2 :    -0.000000765951
 corr3 :    -0.000000085885
 corr4 :    -0.000000277416
 
 CPU time [min]:  5637.876                   Wall time [min]:  1675.320
 
 Total CCSDT[Q] energy [au]:                  -75.065384981928
 Total CCSDT(Q)/A energy [au]:                -75.065385833764
 Total CCSDT(Q)/B energy [au]:                -75.065386025295
 
 Dominant cluster amplitudes
 Printing threshold:  1.00E-02
 
    1.000000  Reference determinant                                     
   -0.014644  2b -> 17b                                                 
    0.010942  2b -> 18b                                                 
   -0.028825  2b -> 29b                                                 
    0.011186  2b -> 33b                                                 
   -0.024813  2b -> 53b                                                 
   -0.011842  2b -> 86b                                                 
    1.329881  3b -> 6b                                                  
   -0.653379  3b -> 10b                                                 
   -0.279634  3b -> 26b                                                 
   -0.099031  3b -> 51b                                                 
    0.028406  3b -> 91b                                                 
    0.016540  2a -> 33a                                                 
    0.020041  2a -> 58a                                                 
   -0.011894  2a -> 90a                                                 
    0.013108  3a -> 10a                                                 
    0.011856  3a -> 48a                                                 
    0.010117  3a -> 74a                                                 
   -0.011993  4a -> 27a                                                 
   -0.010866  4a -> 52a                                                 
   -0.012085  5a -> 8a                                                  
   -0.028920  5a -> 12a                                                 
   -0.031112  5a -> 28a                                                 
    0.013435  5a -> 50a                                                 
   -0.017137  5a -> 55a                                                 
    0.011008  5a -> 76a                                                 
   -0.012143  2b 3b -> 5b 16b                                           
   -0.014607  2b 3b -> 10b 18b                                          
    0.015943  2b 3b -> 18b 26b                                          
   -0.011161  2b 3b -> 4b 30b                                           
   -0.016798  2b 3b -> 7b 30b                                           
    0.011093  2b 3b -> 11b 30b                                          
   -0.023701  2b 3b -> 5b 32b                                           
    0.010596  2b 3b -> 10b 43b                                          
    0.013738  2b 3b -> 26b 43b                                          
    0.010050  2b 3b -> 18b 51b                                          
   -0.010911  2b 3b -> 43b 51b                                          
   -0.014442  2b 3b -> 7b 54b                                           
    0.010413  2b 3b -> 11b 54b                                          
   -0.020469  2b 3b -> 5b 57b                                           
    0.010457  2b 3b -> 5b 89b                                           
   -0.010161  2a 2b -> 40a 43b                                          
   -0.014929  3a 3b -> 18a 18b                                          
    0.011388  3a 3b -> 40a 18b                                          
   -0.016499  3a 3b -> 29a 33b                                          
   -0.014375  3a 3b -> 53a 33b                                          
    0.011622  3a 3b -> 18a 43b                                          
   -0.011723  3a 3b -> 40a 43b                                          
   -0.015859  3a 3b -> 29a 58b                                          
   -0.018735  3a 3b -> 53a 58b                                          
    0.010265  3a 3b -> 86a 58b                                          
    0.011161  3a 3b -> 53a 90b                                          
   -0.010189  3a 3b -> 86a 90b                                          
   -0.016569  3a 3b -> 32a 32b                                          
   -0.014784  3a 3b -> 57a 32b                                          
   -0.015511  3a 3b -> 32a 57b                                          
   -0.018765  3a 3b -> 57a 57b                                          
    0.010451  3a 3b -> 89a 57b                                          
    0.010982  3a 3b -> 57a 89b                                          
   -0.010187  3a 3b -> 89a 89b                                          
   -0.016500  3a 3b -> 30a 30b                                          
   -0.014375  3a 3b -> 54a 30b                                          
   -0.015859  3a 3b -> 30a 54b                                          
   -0.018735  3a 3b -> 54a 54b                                          
    0.010265  3a 3b -> 87a 54b                                          
    0.011161  3a 3b -> 54a 87b                                          
   -0.010190  3a 3b -> 87a 87b                                          
    0.016547  3a 3b -> 10a 6b                                           
    0.017285  3a 3b -> 26a 6b                                           
   -0.015341  3a 3b -> 6a 10b                                           
   -0.036552  3a 3b -> 10a 10b                                          
   -0.040183  3a 3b -> 26a 10b                                          
   -0.022905  3a 3b -> 51a 10b                                          
   -0.016418  3a 3b -> 6a 26b                                           
   -0.041006  3a 3b -> 10a 26b                                          
   -0.050090  3a 3b -> 26a 26b                                          
   -0.033761  3a 3b -> 51a 26b                                          
    0.011073  3a 3b -> 91a 26b                                          
   -0.024674  3a 3b -> 10a 51b                                          
   -0.035076  3a 3b -> 26a 51b                                          
   -0.031150  3a 3b -> 51a 51b                                          
    0.014820  3a 3b -> 91a 51b                                          
    0.012289  3a 3b -> 26a 91b                                          
    0.015273  3a 3b -> 51a 91b                                          
   -0.012849  3a 3b -> 91a 91b                                          
    0.010181  3a 3b -> 11a 7b                                           
    0.010729  2a 2b -> 12a 5b                                           
    0.012165  2a 2b -> 28a 5b                                           
    0.014940  3a 3b -> 12a 5b                                           
    0.012545  3a 3b -> 28a 5b                                           
   -0.012201  5a 3b -> 33a 32b                                          
   -0.011192  5a 3b -> 58a 32b                                          
   -0.010881  5a 3b -> 33a 57b                                          
   -0.013299  5a 3b -> 58a 57b                                          
   -0.011798  5a 3b -> 31a 30b                                          
   -0.010601  5a 3b -> 56a 30b                                          
   -0.010953  5a 3b -> 31a 54b                                          
   -0.013159  5a 3b -> 56a 54b                                          
   -0.011800  5a 3b -> 32a 33b                                          
   -0.010603  5a 3b -> 57a 33b                                          
   -0.010954  5a 3b -> 32a 58b                                          
   -0.013160  5a 3b -> 57a 58b                                          
    0.015205  5a 3b -> 6a 5b                                            
    0.028315  5a 3b -> 10a 5b                                           
    0.020571  5a 3b -> 26a 5b                                           
   -0.012218  5a 3b -> 48a 5b                                           
   -0.010923  5a 3b -> 74a 5b                                           
    0.011757  5a 3b -> 12a 6b                                           
    0.013452  5a 3b -> 28a 6b                                           
   -0.025524  5a 3b -> 12a 10b                                          
   -0.030600  5a 3b -> 28a 10b                                          
   -0.018932  5a 3b -> 55a 10b                                          
   -0.010278  5a 3b -> 8a 26b                                           
   -0.027887  5a 3b -> 12a 26b                                          
   -0.036842  5a 3b -> 28a 26b                                          
   -0.026428  5a 3b -> 55a 26b                                          
   -0.016604  5a 3b -> 12a 51b                                          
   -0.025243  5a 3b -> 28a 51b                                          
   -0.023065  5a 3b -> 55a 51b                                          
    0.011576  5a 3b -> 94a 51b                                          
    0.011462  5a 3b -> 55a 91b                                          
   -0.011877  4a 3b -> 31a 32b                                          
   -0.010748  4a 3b -> 56a 32b                                          
   -0.010812  4a 3b -> 31a 57b                                          
   -0.013080  4a 3b -> 56a 57b                                          
    0.012094  4a 3b -> 10a 4b                                           
    0.010386  4a 3b -> 6a 7b                                            
    0.019071  4a 3b -> 10a 7b                                           
    0.013496  4a 3b -> 26a 7b                                           
   -0.014718  4a 3b -> 10a 11b                                          
   -0.011608  4a 3b -> 26a 11b                                          
   -0.011346  4a 3b -> 10a 27b                                          
   -0.010630  4a 3b -> 26a 27b                                          
    0.011908  4a 3b -> 11a 6b                                           
    0.013202  4a 3b -> 27a 6b                                           
   -0.010372  4a 3b -> 7a 10b                                           
   -0.025914  4a 3b -> 11a 10b                                          
   -0.030111  4a 3b -> 27a 10b                                          
   -0.018278  4a 3b -> 52a 10b                                          
   -0.010893  4a 3b -> 7a 26b                                           
   -0.028446  4a 3b -> 11a 26b                                          
   -0.036418  4a 3b -> 27a 26b                                          
   -0.025708  4a 3b -> 52a 26b                                          
   -0.017094  4a 3b -> 11a 51b                                          
   -0.025140  4a 3b -> 27a 51b                                          
   -0.022631  4a 3b -> 52a 51b                                          
    0.011388  4a 3b -> 92a 51b                                          
    0.011375  4a 3b -> 52a 91b                                          
   -0.013135  2a 3b -> 9a 10b                                           
    0.021937  2a 3b -> 18a 10b                                          
   -0.017456  2a 3b -> 40a 10b                                          
   -0.015662  2a 3b -> 9a 26b                                           
    0.027779  2a 3b -> 18a 26b                                          
   -0.025135  2a 3b -> 40a 26b                                          
    0.010364  2a 3b -> 93a 26b                                          
   -0.010332  2a 3b -> 9a 51b                                           
    0.019988  2a 3b -> 18a 51b                                          
   -0.022263  2a 3b -> 40a 51b                                          
    0.012570  2a 3b -> 93a 51b                                          
    0.010295  2a 3b -> 40a 91b                                          
   -0.014734  2a 3b -> 32a 5b                                           
   -0.019723  2a 3b -> 57a 5b                                           
    0.012194  2a 3b -> 89a 5b                                           
   -0.021268  3a 2b -> 32a 5b                                           
   -0.022831  3a 2b -> 57a 5b                                           
    0.013139  3a 2b -> 89a 5b                                           
   -0.010801  2a 3b -> 30a 7b                                           
   -0.013759  2a 3b -> 54a 7b                                           
   -0.010171  3a 2b -> 30a 4b                                           
   -0.010230  3a 2b -> 54a 4b                                           
   -0.015324  3a 2b -> 30a 7b                                           
   -0.015786  3a 2b -> 54a 7b                                           
    0.010202  3a 2b -> 30a 11b                                          
    0.011414  3a 2b -> 54a 11b                                          
    0.010947  2a 3b -> 26a 18b                                          
    0.012390  3a 2b -> 26a 18b                                          
   -0.011588  3a 2b -> 26a 43b                                          
   -0.010979  3a 2b -> 51a 43b                                          
    0.010176  4a 2b -> 29a 4b                                           
    0.010230  4a 2b -> 53a 4b                                           
    0.015353  4a 2b -> 29a 7b                                           
    0.015784  4a 2b -> 53a 7b                                           
   -0.010279  4a 2b -> 29a 11b                                          
   -0.011412  4a 2b -> 53a 11b                                          
   -0.021701  4a 2b -> 31a 5b                                           
   -0.023403  4a 2b -> 56a 5b                                           
    0.013407  4a 2b -> 88a 5b                                           
    0.012140  4a 2b -> 27a 18b                                          
   -0.011399  4a 2b -> 27a 43b                                          
   -0.011001  4a 2b -> 52a 43b                                          
   -0.013851  5a 2b -> 18a 5b                                           
   -0.024600  5a 2b -> 33a 5b                                           
   -0.026747  5a 2b -> 58a 5b                                           
    0.015575  5a 2b -> 90a 5b                                           
   -0.010289  5a 2b -> 31a 4b                                           
   -0.010594  5a 2b -> 56a 4b                                           
   -0.015515  5a 2b -> 31a 7b                                           
   -0.016336  5a 2b -> 56a 7b                                           
    0.010366  5a 2b -> 31a 11b                                          
    0.011790  5a 2b -> 56a 11b                                          
    0.012268  5a 2b -> 28a 18b                                          
   -0.011493  5a 2b -> 28a 43b                                          
   -0.011205  5a 2b -> 55a 43b                                          
   -0.012262  4a 5a -> 27a 28a                                          
   -0.012219  3a 5a -> 26a 28a                                          
   -0.012102  3a 4a -> 26a 27a                                          
   -0.010720  3a 4a -> 53a 54a                                          
 
 ************************ 2025-07-30 07:39:13 *************************
                      Normal termination of mrcc.
 **********************************************************************
Program finished with exit code 0 at: Wed Jul 30 07:39:13 EDT 2025
