O-aCV7Z CCSDT(Q)-isp1
----------------------------------------------
CCSDT[Q]   = ecc + corr1
CSCDT(Q)/A = ecc + corr1 + corr2 + corr3
CSCDT(Q)/B = ecc + corr1 + corr2 + corr4
corr1 = T_2^+ contribution
corr2 = T_3^+ contribution
corr3 = T_1^+ * T_2^+ contribution
corr4 = T_1^+ * <ab||ij> contribution + T_2^+ * f_ai contribution
----------------------------------------------
Spin case  1   Alpha:  1   Beta:  3
Number of excitations:        2741611336

T_2^+ contribution            : -0.000000442322
T_3^+ contribution            : -0.000002574738
T_1^+ * T_2^+ contribution    :  0.000000819454
T_1^+ * <ab||ij> contribution :  0.000001314292
T_2^+ * f_ai contribution     : -0.000000032270
----------------------------------------------
CCSDT           : -75.065 384 945 617
CCSDT[Q]-isp1   : -75.065 385 387 939
CCSDT(Q)/A-isp1 : -75.065 387 143 223
CCSDT(Q)/B-isp1 : -75.065 386 680 655
