Starting run at: Tue Jun 10 17:04:04 EDT 2025
 **********************************************************************
                          MRCC program system
 **********************************************************************
 
                              Written by
     Mihaly Kallay, Peter R. Nagy, David Mester, Laszlo Gyevi-Nagy,
        Jozsef Csoka, P. Bernat Szabo, Zoltan Rolik, Gyula Samu,
     Jozsef Csontos, Bence Hegely, Adam Ganyecz, Istvan Ladjanszki,
       Lorant Szegedy, Bence Ladoczki, Klara Petrov, Mate Farkas,
                    Pal D. Mezei, and Reka A. Horvath
 
        Department of Physical Chemistry and Materials Science
            Budapest University of Technology and Economics
                  Budapest P.O.Box 91, H-1521 Hungary
 
                              www.mrcc.hu
 
                     Release date: August 28, 2023

 ************************ 2025-06-10 17:04:05 *************************
 Executing minp...

 Reading input from MINP...
 
 Input file:
 
basis=aCV7Z-FELLER
iface=cfour
uncontract=off
calc=CC(4)
ccprog=mrcc
mem=1950GB
core=corr
itol=18
scftol=13
cctol=6
ccmaxit=999
scfmaxit=9999
scfiguess=ao
scftype=UHF
#rohftype=semicanonical
rest=2
charge=+1
mult=4
refdet=serialno
1,2
3-5

symm=5
occ=2,0,0,0,0,1,1,1/2,0,0,0,0,0,0,0
geom
O

#Li 1 R
#R=3.065

#unit=angstroms

tprint=0.01
verbosity=3
#nstate=4
 
 
 Checking keyword combinations...
 
 Keywords:
 
 active=none
 agrid=ld0006-ld0590
 agrid_pssp=ld0006-ld0194
 agrid_pssp_sm=ld0006-ld0074
 basis=acv7z-feller
 basis_sm=none
 basopt=off
 bfbasis=none
 bfgsmem=10
 bfgstol=1.0d-3
 boysalg=jacobi
 bpcompo=0.985
 bpcompv=0.98
 bpdfo=0.985
 bpocc=0.985
 bppdo=0.985
 bppdv=0.98
 bpedo=0.985
 bpedv=0.98
 calc=cc(4)
 ccmaxit=999
 ccprog=mrcc
 ccsdalg=disk
 ccsdmkl=seq
 ccsdrest=off
 ccsdthreads=2
 cctol=6
 charge=+1
 cialg=disk
 ciguess=off
 cmpgrp=auto
 comprest=off
 coord_sys=ric
 core=corr
 corembed=off
 csapprox=off
 cvs=off
 dboc=off
 delocsomofact=
 dendec=cholesky
 dens=0
 denscorr=0
 dfalg=lineq
 dfbasis_cab=none
 dfbasis_cor=none
 dfbasis_scf=none
 dfbasis_scf_sm=none
 dfintran=ovirt
 dft=off
 dhexc=adc(2)
 diag=david
 docc=
 domrad=10.d0
 drpaalg=fit
 dual=off
 dual_df=off
 ecp=auto
 edisp=off
 edisp_embed=off
 embed=off
 epairestfact=off
 epairscale=1.d0
 etemp=300
 epert=none
 eps=
 espcharge=off
 excrad=0.d0
 excrad_fin=0.000000000D+00
 fitting=coulomb
 fmm=off
 fmmord=8
 fnonorb=
 freq=off
 gamma=1.d0
 gauss=spher
 geom=zmat
 gopt=off
 ghost=none
 gtol=7
 grdens=off
 grid=auto
 grid_sm=auto
 gridbatch_cos=2000
 grtol=10
 guido_ct=off
 hamilton=dc
 iface=cfour
 intalg=auto
 ip_ea=off
 itol=18
 laptol=1.d-2
 lccoporder=trffirst
 lcorthr=normal
 lccrest=off
 ldfgrad_tol=8
 lmp2dens=on
 lnoepso=0.d0
 lnoepsv=1e-6
 localcc=off
 localcorrsymm=off
 locintrf=disk
 mact=
 maxact=off
 maxdim=200
 maxex=0
 maxmicroit=100
 mcscfiguess=hf
 mem=1950gb
 mmprog=
 molden=on
 mpitasks=1
 mulmet=0
 mult=4
 nab=off
 nacto=0
 nactv=0
 naf_amp=3.16d-3
 naf_cor=off
 naf_f12=off
 naf_scf=off
 nafalg=albe
 nafdens=off
 naftyp=
 nchol=auto
 ndeps=1e-3
 nstate=1
 nsing=0
 nto=off
 ntrip=0
 num_grad=off
 occ=2,0,0,0,0,1,1,1/2,0,0,0,0,0,0,0
 occri=off
 oniom=off
 oniom_eechg=off
 oniom_pcm=off
 oniom_qcorr=off
 optalg=
 optmaxit=50
 optetol=1e-6
 optex=0
 optgtol=1e-4
 optstol=1e-3
 orblocc=off
 orbloce=off
 orbloco=off
 orblocv=off
 orblocguess=cholesky
 osveps=1e-3
 ovirt=off
 ovltol=1e-7
 ovosnorb=80.0
 pao_subsys_tol=1e-3
 pcm=off
 popul=off
 pressure=100000
 pssp=off
 ptfreq=0.0
 ptthreads=2
 qmreg=
 qmmm=off
 qro=off
 qscf=off
 redcost_exc=off
 redcost_tddft=off
 refdet=serialno
 rest=2
 rgrid=log3
 rism=off
 rohfcore=semicanonical
 rohftype=standard
 scfalg=auto
 scf_conv=auto
 scfdamp=0.0d0
 scfdamp_mode=off
 scfdamp_end=9999
 scfdamp_dampstep=0.d0
 scfdamp_dtol=0.0d0
 scfdamp_maxfact=0.0d0
 scfdamp_minfact=0.0d0
 scfdiis=on
 scfdiis_dtol=0.0d0
 scfdiis_end=9999
 scfdiis_start=2
 scfdiis_step=1
 scfdiis_watch=off
 scfdiis_wrange=10
 scfdiis_wlimit=5
 scfdiis_delmax=2
 scfdtol=14
 scfext=10
 scfguessdens=
 scfiguess=ao
 scfloc=off
 scflshift=0.20
 scflshift_end=8
 scflshift_dtol=0.0
 scflshift_gaptol=0.20
 scfmaxit=9999
 scftype=uhf
 scftol=13
 scspe=1.d0
 scsph=1.d0
 scsps=1.2d0
 scsps_t=1.2d0
 scspt=0.33333333333333
 scspt_t=0.33333333333333
 scspv=1.d0
 spairtol=1e-4
 sqmprog=
 subminp=top
 symm=5
 talg=occ
 temp=298.15
 test=off
 theodore=off
 tlmo=0.999
 tpao=0.94
 tprint=0.01
 uncontract=off
 unit=angs
 usedisk=2
 verbosity=3
 wpairtol=0.100000000E-05

 ************************ 2025-06-10 17:04:06 *************************
 Executing goldstone...

 Generation of CC equations in terms of H and T...
 Generation of antisymmetrized Goldstone diagrams...
 Number of diagrams in T^1 equations:    15
 Number of diagrams in T^2 equations:    38
 Number of diagrams in T^3 equations:    53
 Number of diagrams in T^4 equations:    74
 Translation of diagrams to factorized equations...
 Optimizing intermediate calculation...
 Number of floating-point operations per iteration step:   1.1562E+16
 Probable CPU time per iteration step (hours):       115619.43
 Required memory (Mbytes):       3445172.6
 Number of intermediates:                                 104
 Number of intermediates to be stored:                     44
 Length of intermediate file (Mbytes):         92076.8

 ************************ 2025-06-10 17:04:09 *************************
 Executing xmrcc...

 **********************************************************************
 CC(                     4 ) calculation 
 
 
 Allocation of      1996800.0 Mbytes of memory...
 Number of spinorbitals:                   814
 Number of alpha electrons:                        5
 Number of beta electrons:                         2
 Spin multiplicity:                     2
 z-component of spin:  1.5
 Spatial symmetry:                      5
 Convergence criterion:  1.0E-06
 Construction of occupation graphs...
 Number of                     0 -fold excitations:                      1
 Number of                     1 -fold excitations:                    485
 Number of                     2 -fold excitations:                 327538
 Number of                     3 -fold excitations:              115953940
 Number of                     4 -fold excitations:            19792499697
 Total number of configurations:            19908781661
 Calculation of coupling coefficients...
 Length of intermediate file (Mbytes):         66161.9
 
 ======================================================================
 
 Memory requirements /Mbyte/: 
               Minimal        Optimal
 Real*8:    1344375.9629   1344602.1413
 Integer:    396567.1856
 Total:     1740943.1485   1741169.3269
 

 ************************ 2025-06-10 20:54:50 *************************
 Executing goldstone...

 Generation of CC equations in terms of H and T...
 Generation of antisymmetrized Goldstone diagrams...
 Number of diagrams in T^1 equations:    15
 Number of diagrams in T^2 equations:    34
 Number of diagrams in T^3 equations:     2
 Translation of diagrams to factorized equations...
 Optimizing intermediate calculation...
 Number of floating-point operations per iteration step:   4.5266E+11
 Probable CPU time per iteration step (hours):            4.53
 Required memory (Mbytes):       3445172.6
 Number of intermediates:                                  49
 Number of intermediates to be stored:                     20
 Length of intermediate file (Mbytes):         52221.0

 ************************ 2025-06-10 20:54:53 *************************
 Executing xmrcc...

 **********************************************************************
 CC(2)(3) calculation 
 
 
 Allocation of      1996800.0 Mbytes of memory...
 Number of spinorbitals:                   814
 Number of alpha electrons:                        5
 Number of beta electrons:                         2
 Spin multiplicity:                     2
 z-component of spin:  1.5
 Spatial symmetry:                      5
 Convergence criterion:  1.0E-06
 Construction of occupation graphs...
 Number of                     0 -fold excitations:                      1
 Number of                     1 -fold excitations:                    485
 Number of                     2 -fold excitations:                 327538
 Total number of configurations:                 328024
 Calculation of coupling coefficients...
 Length of intermediate file (Mbytes):         39303.1
 
 ======================================================================
 
 Spin case  1   Alpha:  1   Beta:  2
 Number of excitations:               20720810
 Spin case  2   Alpha:  2   Beta:  1
 Number of excitations:               81827444
 Spin case  3   Alpha:  3   Beta:  0
 Number of excitations:               13405686
 Number of                     3 -fold excitations:              115953940
 
 Memory requirements /Mbyte/: 
               Minimal        Optimal
 Real*8:      28514.1124    212207.3065
 Integer:        35.9030
 Total:       28550.0154    212243.2095
 

 ************************ 2025-06-10 20:55:01 *************************
 Executing mrcc...

 **********************************************************************
 CCSD(T) calculation                                                    
 
 
 OpenMP parallel version is running.
 Number of CPU cores:  10
 Allocation of       212207.3 Mbytes of memory...
 Number of spinorbitals: 814
 Number of alpha electrons:  5
 Number of beta  electrons:  2
 Spin multiplicity: 4
 z-component of spin:  1.5
 Spatial symmetry: 5
 Convergence criterion:  1.0E-06
 Construction of occupation graphs...
 Number of 0-fold excitations: 1
 Number of 1-fold excitations: 485
 Number of 2-fold excitations: 327538
 Total number of determinants: 328024
 Calculation of coupling coefficients...
 Initial cluster amplitudes are generated.
 Length of intermediate file (Mbytes):         39303.1
 Reading integral list from unit 55...
 Sorting integrals...
 Sorting integrals...
 Sorting integrals...
 Sorting integrals...
 Energy of reference determinant [au]:     -74.377129661458
 Calculation of MP denominators...
 
 Starting CC iteration...
 ======================================================================
 Norm of residual vector:     3.50872404
 CPU time [min]:   115.007                   Wall time [min]:   112.672
 
 Iteration  1  CC energy:   -74.55018059  Energy decrease:   0.17305093
 ======================================================================
 Norm of residual vector:     0.18481029
 CPU time [min]:   138.302                   Wall time [min]:   133.016
 
 Iteration  2  CC energy:   -74.56105205  Energy decrease:   0.01087146
 ======================================================================
 Norm of residual vector:     0.02881053
 CPU time [min]:   161.719                   Wall time [min]:   153.325
 
 Iteration  3  CC energy:   -74.56302631  Energy decrease:   0.00197427
 ======================================================================
 Norm of residual vector:     0.00666223
 CPU time [min]:   185.203                   Wall time [min]:   174.250
 
 Iteration  4  CC energy:   -74.56306334  Energy decrease:   0.00003703
 ======================================================================
 Norm of residual vector:     0.00149083
 CPU time [min]:   208.983                   Wall time [min]:   194.920
 
 Iteration  5  CC energy:   -74.56305751  Energy decrease:   0.00000584
 ======================================================================
 Norm of residual vector:     0.00036444
 CPU time [min]:   232.178                   Wall time [min]:   215.437
 
 Iteration  6  CC energy:   -74.56306104  Energy decrease:   0.00000353
 ======================================================================
 Norm of residual vector:     0.00006863
 CPU time [min]:   255.616                   Wall time [min]:   235.945
 
 Iteration  7  CC energy:   -74.56306128  Energy decrease:   0.00000024
 ======================================================================
 Norm of residual vector:     0.00001192
 CPU time [min]:   278.975                   Wall time [min]:   256.546
 
 Iteration  8  CC energy:   -74.56306146  Energy decrease:   0.00000017
 ======================================================================
 Norm of residual vector:     0.00000210
 CPU time [min]:   302.055                   Wall time [min]:   277.034
 
 Iteration  9  CC energy:   -74.56306142  Energy decrease:   0.00000003
 ======================================================================
 Norm of residual vector:     0.00000047
 CPU time [min]:   325.220                   Wall time [min]:   297.535
 
 Iteration 10  CC energy:   -74.56306142  Energy decrease:   0.00000001
 ======================================================================
 
 Iteration has converged in 10 steps.
 
 Final results:
 Total CCSD energy [au]:                      -74.563061415525
 
 Perturbative corrections are calculated...
 ======================================================================
 Spin case  1   Alpha:  1   Beta:  2
 Number of excitations:        20720810
 CPU time [min]:   342.854                   Wall time [min]:   300.017
 ======================================================================
 Spin case  2   Alpha:  2   Beta:  1
 Number of excitations:        81827444
 CPU time [min]:   377.596                   Wall time [min]:   304.744
 ======================================================================
 Spin case  3   Alpha:  3   Beta:  0
 Number of excitations:        13405686
 CPU time [min]:   387.404                   Wall time [min]:   306.043
 ======================================================================
 Number of 3-fold excitations: 115953940
 
 
 CPU time [min]:   387.437                   Wall time [min]:   306.046
 
 Total CCSD[T] energy [au]:                   -74.565462881852
 Total CCSD(T) energy [au]:                   -74.565446681667
 
 Dominant cluster amplitudes
 Printing threshold:  1.00E-02
 
    1.000000  Reference determinant                                     
   -0.022410  3a 2b -> 30a 3b                                           
   -0.024499  3a 2b -> 55a 3b                                           
    0.014035  3a 2b -> 87a 3b                                           
   -0.019458  3a 2b -> 32a 5b                                           
   -0.021292  3a 2b -> 57a 5b                                           
    0.012718  3a 2b -> 89a 5b                                           
   -0.019458  3a 2b -> 33a 4b                                           
   -0.021292  3a 2b -> 58a 4b                                           
    0.012718  3a 2b -> 90a 4b                                           
    0.020212  4a 2b -> 29a 4b                                           
    0.020188  4a 2b -> 54a 4b                                           
    0.014033  4a 2b -> 55a 4b                                           
   -0.010759  4a 2b -> 87a 4b                                           
   -0.019458  4a 2b -> 31a 5b                                           
   -0.021292  4a 2b -> 56a 5b                                           
    0.012718  4a 2b -> 88a 5b                                           
   -0.019458  4a 2b -> 33a 3b                                           
   -0.021292  4a 2b -> 58a 3b                                           
    0.012718  4a 2b -> 90a 3b                                           
   -0.018603  5a 2b -> 29a 5b                                           
    0.012598  5a 2b -> 30a 5b                                           
   -0.022247  5a 2b -> 54a 5b                                           
    0.010467  5a 2b -> 55a 5b                                           
    0.014315  5a 2b -> 86a 5b                                           
   -0.019458  5a 2b -> 31a 4b                                           
   -0.021292  5a 2b -> 56a 4b                                           
    0.012718  5a 2b -> 88a 4b                                           
   -0.019458  5a 2b -> 32a 3b                                           
   -0.021292  5a 2b -> 57a 3b                                           
    0.012718  5a 2b -> 89a 3b                                           

 ************************ 2025-06-11 02:01:06 *************************
 Executing goldstone...

 Generation of CC equations in terms of H and T...
 Generation of antisymmetrized Goldstone diagrams...
 Number of diagrams in T^1 equations:    15
 Number of diagrams in T^2 equations:    38
 Number of diagrams in T^3 equations:    50
 Number of diagrams in T^4 equations:     5
 Translation of diagrams to factorized equations...
 Optimizing intermediate calculation...
 Number of floating-point operations per iteration step:   4.0591E+14
 Probable CPU time per iteration step (hours):         4059.09
 Required memory (Mbytes):       3445172.6
 Number of intermediates:                                  80
 Number of intermediates to be stored:                     32
 Length of intermediate file (Mbytes):         53189.4

 ************************ 2025-06-11 02:01:06 *************************
 Executing xmrcc...

 **********************************************************************
 CC(3)(4) calculation 
 
 
 Allocation of      1996800.0 Mbytes of memory...
 Number of spinorbitals:                   814
 Number of alpha electrons:                        5
 Number of beta electrons:                         2
 Spin multiplicity:                     2
 z-component of spin:  1.5
 Spatial symmetry:                      5
 Convergence criterion:  1.0E-06
 Construction of occupation graphs...
 Number of                     0 -fold excitations:                      1
 Number of                     1 -fold excitations:                    485
 Number of                     2 -fold excitations:                 327538
 Number of                     3 -fold excitations:              115953940
 Total number of configurations:              116281964
 Calculation of coupling coefficients...
 Length of intermediate file (Mbytes):         40033.1
 
 ======================================================================
 
 Spin case  1   Alpha:  2   Beta:  2
 Number of excitations:             8245876004
 Spin case  2   Alpha:  3   Beta:  1
 Number of excitations:            10877123740
 Spin case  3   Alpha:  4   Beta:  0
 Number of excitations:              669499953
 Number of                     4 -fold excitations:            19792499697
 
 Memory requirements /Mbyte/: 
               Minimal        Optimal
 Real*8:      98464.6495    209352.5262
 Integer:      2669.6226
 Total:      101134.2720    212022.1487
 

 ************************ 2025-06-11 02:09:46 *************************
 Executing mrcc...

 **********************************************************************
 CCSDT(Q) calculation                                                   
 
 
 OpenMP parallel version is running.
 Number of CPU cores:  10
 Allocation of       209352.5 Mbytes of memory...
 Number of spinorbitals: 814
 Number of alpha electrons:  5
 Number of beta  electrons:  2
 Spin multiplicity: 4
 z-component of spin:  1.5
 Spatial symmetry: 5
 Convergence criterion:  1.0E-06
 Construction of occupation graphs...
 Number of 0-fold excitations: 1
 Number of 1-fold excitations: 485
 Number of 2-fold excitations: 327538
 Number of 3-fold excitations: 115953940
 Total number of determinants: 116281964
 Calculation of coupling coefficients...
 Initial cluster amplitudes are read from unit 16.
 Length of intermediate file (Mbytes):         40033.1
 Reading integral list from unit 55...
 Sorting integrals...
 Sorting integrals...
 Sorting integrals...
 Sorting integrals...
 Energy of reference determinant [au]:     -74.377129661458
 Calculation of MP denominators...
 
 Starting CC iteration...
 ======================================================================
 Norm of residual vector:     0.24120283
 CPU time [min]:   274.809                   Wall time [min]:   154.383
 
 Iteration  1  CC energy:   -74.56306142  Energy decrease:   1.6725E-09
 ======================================================================
 Norm of residual vector:     0.02755860
 CPU time [min]:   458.676                   Wall time [min]:   209.589
 
 Iteration  2  CC energy:   -74.56516086  Energy decrease:   0.00209944
 ======================================================================
 Norm of residual vector:     0.00758853
 CPU time [min]:   638.042                   Wall time [min]:   263.685
 
 Iteration  3  CC energy:   -74.56555266  Energy decrease:   0.00039180
 ======================================================================
 Norm of residual vector:     0.00132187
 CPU time [min]:   821.609                   Wall time [min]:   318.405
 
 Iteration  4  CC energy:   -74.56560207  Energy decrease:   0.00004941
 ======================================================================
 Norm of residual vector:     0.00035982
 CPU time [min]:  1002.643                   Wall time [min]:   373.231
 
 Iteration  5  CC energy:   -74.56561150  Energy decrease:   0.00000943
 ======================================================================
 Norm of residual vector:     0.00010919
 CPU time [min]:  1181.915                   Wall time [min]:   428.278
 
 Iteration  6  CC energy:   -74.56561079  Energy decrease:   0.00000071
 ======================================================================
 Norm of residual vector:     0.00003251
 CPU time [min]:  1365.620                   Wall time [min]:   484.236
 
 Iteration  7  CC energy:   -74.56561114  Energy decrease:   0.00000035
 ======================================================================
 
 Fatal error in exec mrcc.
 Program will stop.
 
 ************************ 2025-06-11 10:41:44 *************************
                   Error at the termination of mrcc.
 **********************************************************************
Program finished with exit code 1 at: Wed Jun 11 10:41:44 EDT 2025
