Starting run at: Wed Jul 30 10:35:29 EDT 2025
 **********************************************************************
                          MRCC program system
 **********************************************************************
 
                              Written by
     Mihaly Kallay, Peter R. Nagy, David Mester, Laszlo Gyevi-Nagy,
        Jozsef Csoka, P. Bernat Szabo, Zoltan Rolik, Gyula Samu,
      Bence Hegely, Bence Ladoczki, Klara Petrov, Jozsef Csontos,
     Adam Ganyecz, Istvan Ladjanszki, Lorant Szegedy, Mate Farkas,
          Pal D. Mezei, Reka A. Horvath, and Balazs D. Lorincz
 
        Department of Physical Chemistry and Materials Science
            Budapest University of Technology and Economics
                  Budapest P.O.Box 91, H-1521 Hungary
 
                              www.mrcc.hu
 
                            Version: 25.1.1

 ************************ 2025-07-30 10:36:00 *************************
 Executing minp...

 Reading input from MINP...
 
 Input file:
 
basis=aCV5Z-EMSL
iface=cfour
uncontract=off
calc=CCSDTQ
ccprog=mrcc
mem=990GB
core=corr
itol=18
scftol=13
cctol=6
ccmaxit=999
scfmaxit=9999
scfiguess=ao
scftype=UHF
#rohftype=semicanonical
rest=1
charge=+0
mult=3
refdet=serialno
1-3
4,5

symm=2
occ=2,0,0,0,0,1,1,1/2,0,0,0,0,0,0,1
geom
O

#Li 1 R
#R=3.065

#unit=angstroms

tprint=0.01
verbosity=3
#nstate=4
 
 
 Checking keyword combinations...
 
 Keywords:
 
 active=none
 agrid=ld0006-ld0590
 agrid_pssp=ld0006-ld0194
 agrid_pssp_sm=ld0006-ld0074
 basis=acv5z-emsl
 basis_sm=none
 basopt=off
 bfbasis=none
 bfgsmem=10
 bfgstol=1.0d-3
 boysalg=jacobi
 bpcompo=0.985
 bpcompv=0.98
 bpdfo=0.985
 bpocc=0.985
 bppdo=0.985
 bppdv=0.98
 bpedo=0.985
 bpedv=0.98
 bp_subsyso=0.95
 bp_subsysv=0.95
 cabscorr=off
 cabsdual=off
 calc=ccsdtq
 ccmaxit=999
 ccprog=mrcc
 ccsdalg=disk
 ccsdmkl=seq
 ccsdrest=off
 ccsdthreads=2
 cctol=6
 charge=+0
 cialg=disk
 ciguess=off
 cmpgrp=auto
 comprest=off
 coord_sys=ric
 core=corr
 corembed=off
 csapprox=off
 cvs=off
 dboc=off
 deltaf12=off
 delocsomofact=
 dendec=cholesky
 dens=0
 denscorr=0
 dfalg=lineq
 dfbasis_cab=none
 dfbasis_cor=none
 dfbasis_scf=none
 dfbasis_scf_sm=auto
 dfintran=ovirt
 dft=off
 dhexc=adc(2)
 diag=david
 docc=
 domrad=10.d0
 drpaalg=fit
 dual=off
 dual_df=off
 dyson=off
 ecp=auto
 edisp=off
 edisp_embed=off
 embed=off
 epairestfact=off
 epairscale=1.d0
 etemp=300
 epert=none
 eps=
 espcharge=off
 excrad=0.d0
 excrad_f12=0.d0
 excrad_fin=0.000000000D+00
 fastdbbsc=v2
 fitting=coulomb
 fmm=off
 fmmord=8
 fnonorb=
 freq=off
 gamma=1.d0
 gauss=spher
 geom=zmat
 gopt=off
 ghost=none
 gtol=7
 grdens=off
 grid=auto
 grid_sm=auto
 gridbatch_cos=2000
 grtol=10
 guido_ct=off
 hamilton=dc
 iface=cfour
 incore=off
 intalg=auto
 ip_ea=off
 itol=18
 laptol=1.d-2
 lccoporder=trffirst
 lcorthr=normal
 lccrest=off
 ldfgrad_tol=8
 lmp2dens=on
 lnoepso=0.d0
 lnoepsv=1e-6
 localcc=off
 localcorrsymm=off
 locintrf=disk
 mact=
 maxact=off
 maxdim=200
 maxex=0
 maxmicroit=100
 mcscfiguess=hf
 mem=990gb
 mmprog=
 molden=on
 mp2ongrid=off
 mpitasks=1
 mulmet=0
 mult=3
 nab=off
 nacto=0
 nactv=0
 naf_amp=3.16d-3
 naf_cor=off
 naf_f12=off
 naf_scf=off
 nafalg=albe
 nafdens=off
 naftyp=
 nchol=auto
 ndeps=1e-3
 nstate=1
 nsing=0
 nto=off
 ntrip=0
 num_grad=off
 occ=2,0,0,0,0,1,1,1/2,0,0,0,0,0,0,1
 occri=off
 oniom=off
 oniom_eechg=off
 oniom_pcm=off
 oniom_qcorr=off
 optalg=
 optmaxit=50
 optetol=1e-6
 optex=0
 optgtol=1e-4
 optstol=1e-3
 orblocc=off
 orbloce=off
 orbloco=off
 orblocv=off
 orblocguess=cholesky
 osveps=1e-3
 ovirt=off
 ovltol=1e-7
 ovosnorb=80.0
 pao_subsys_tol=1e-3
 pao_tol=1e-3
 pcm=off
 popul=off
 pressure=100000
 pssp=off
 ptfreq=0.0
 ptthreads=2
 qmreg=
 qmmm=off
 qro=off
 qscf=off
 redcost_exc=off
 redcost_tddft=off
 refdet=serialno
 rest=1
 rgrid=log3
 rism=off
 rohfcore=semicanonical
 rohftype=standard
 scfalg=auto
 scf_conv=auto
 scfdamp=0.0d0
 scfdamp_mode=off
 scfdamp_end=9999
 scfdamp_dampstep=0.d0
 scfdamp_dtol=0.0d0
 scfdamp_maxfact=0.0d0
 scfdamp_minfact=0.0d0
 scfdiis=on
 scfdiis_dtol=0.0d0
 scfdiis_end=9999
 scfdiis_start=2
 scfdiis_step=1
 scfdiis_watch=off
 scfdiis_wrange=10
 scfdiis_wlimit=5
 scfdiis_delmax=2
 scfdtol=14
 scfext=10
 scfguessdens=
 scfiguess=ao
 scfloc=off
 scflshift=0.20
 scflshift_end=8
 scflshift_dtol=0.0
 scflshift_gaptol=0.20
 scfmaxit=9999
 scftype=uhf
 scftol=13
 scspe=1.d0
 scsph=1.d0
 scsps=1.2d0
 scsps_t=1.2d0
 scspt=0.33333333333333
 scspt_t=0.33333333333333
 scspv=1.d0
 spairtol=1e-4
 sqmprog=
 subminp=top
 subsys_bopu=on
 symm=2
 talg=occ
 temp=298.15
 test=off
 theodore=off
 tlmo=0.999
 tpao=0.94
 tprint=0.01
 uncontract=off
 unit=angs
 usedisk=2
 verbosity=3
 wpairtol=0.100000000E-05
 ispstart=
 ispend=

 ************************ 2025-07-30 10:36:04 *************************
 Executing goldstone...

 Generation of CC equations in terms of H and T...
 Generation of antisymmetrized Goldstone diagrams...
 Number of diagrams in T^1 equations:    15
 Number of diagrams in T^2 equations:    38
 Number of diagrams in T^3 equations:    53
 Number of diagrams in T^4 equations:    74
 Translation of diagrams to factorized equations...
 Optimizing intermediate calculation...
 Number of floating-point operations per iteration step:   2.0945E+14
 Probable CPU time per iteration step (hours):         2094.45
 Required memory (Mbytes):        128002.5
 Number of intermediates:                                 104
 Number of intermediates to be stored:                     44
 Length of intermediate file (Mbytes):          7205.2

 ************************ 2025-07-30 10:36:07 *************************
 Executing xmrcc...

 **********************************************************************
 CC(                     4 ) calculation 
 
 
 Allocation of      1013760.0 Mbytes of memory...
 Number of spinorbitals:                   362
 Number of alpha electrons:                        5
 Number of beta electrons:                         3
 Spin multiplicity:                     2
 z-component of spin:  1.0
 Spatial symmetry:                      2
 Convergence criterion:  1.0E-06
 Construction of occupation graphs...
 Number of                     0 -fold excitations:                      1
 Number of                     1 -fold excitations:                    256
 Number of                     2 -fold excitations:                  88651
 Number of                     3 -fold excitations:               16793170
 Number of                     4 -fold excitations:             1631882701
 Total number of configurations:             1648764779
 Calculation of coupling coefficients...
 Length of intermediate file (Mbytes):          4957.4
 
 ======================================================================
 
 Memory requirements /Mbyte/: 
               Minimal        Optimal
 Real*8:      91886.9490     91886.9490
 Integer:     14715.4519
 Total:      106602.4009    106602.4009
 

 ************************ 2025-07-30 10:44:36 *************************
 Executing mrcc...

 **********************************************************************
 CCSDTQ calculation                                                     
 
 
 OpenMP parallel version is running.
 Number of CPU cores:  12
 Allocation of        91886.9 Mbytes of memory...
 Number of spinorbitals: 362
 Number of alpha electrons:  5
 Number of beta  electrons:  3
 Spin multiplicity: 3
 z-component of spin:  1.0
 Spatial symmetry: 2
 Convergence criterion:  1.0E-06
 Construction of occupation graphs...
 Number of 0-fold excitations: 1
 Number of 1-fold excitations: 256
 Number of 2-fold excitations: 88651
 Number of 3-fold excitations: 16793170
 Number of 4-fold excitations: 1631882701
 Total number of determinants: 1648764779
 Calculation of coupling coefficients...
 Initial cluster amplitudes are read from unit 16.
 Length of intermediate file (Mbytes):          4957.4
 Reading integral list from unit 55...
 Sorting integrals...
 Sorting integrals...
 Sorting integrals...
 Sorting integrals...
 Energy of reference determinant [au]:     -74.601446337662
 Calculation of MP denominators...
 
 Starting CC iteration...
 ======================================================================
 Norm of residual vector:    71.67234179
 CPU time [min]:  1850.991                   Wall time [min]:   267.112
 
 Iteration  1  CC energy:   -74.96909596  Energy decrease:   0.36688081
 ======================================================================
 Norm of residual vector:     2.51537023
 CPU time [min]:  3822.634                   Wall time [min]:   534.629
 
 Iteration  2  CC energy:   -75.02430295  Energy decrease:   0.05520698
 ======================================================================
 Norm of residual vector:     0.33246707
 CPU time [min]:  5717.927                   Wall time [min]:   794.473
 
 Iteration  3  CC energy:   -75.06534903  Energy decrease:   0.04104608
 ======================================================================
 Norm of residual vector:     0.15317303
 CPU time [min]:  7610.695                   Wall time [min]:  1058.518
 
 Iteration  4  CC energy:   -75.05823716  Energy decrease:   0.00711186
 ======================================================================
 Norm of residual vector:     0.06788851
 CPU time [min]:  9445.430                   Wall time [min]:  1318.819
 
 Iteration  5  CC energy:   -75.06170053  Energy decrease:   0.00346337
 ======================================================================
 Norm of residual vector:     0.01765249
 CPU time [min]: 11240.849                   Wall time [min]:  1576.516
 
 Iteration  6  CC energy:   -75.06234083  Energy decrease:   0.00064030
 ======================================================================
 Norm of residual vector:     0.00817097
 CPU time [min]: 13075.138                   Wall time [min]:  1837.191
 
 Iteration  7  CC energy:   -75.06235371  Energy decrease:   0.00001288
 ======================================================================
 Norm of residual vector:     0.00444973
 CPU time [min]: 14801.599                   Wall time [min]:  2091.650
 
 Iteration  8  CC energy:   -75.06238596  Energy decrease:   0.00003225
 ======================================================================
 Norm of residual vector:     0.00192653
 CPU time [min]: 16643.547                   Wall time [min]:  2357.791
 
 Iteration  9  CC energy:   -75.06243163  Energy decrease:   0.00004567
 ======================================================================
 Norm of residual vector:     0.00095554
 CPU time [min]: 18522.607                   Wall time [min]:  2628.603
 
 Iteration 10  CC energy:   -75.06243492  Energy decrease:   0.00000329
 ======================================================================
 Norm of residual vector:     0.00042069
 CPU time [min]: 20359.871                   Wall time [min]:  2900.047
 
 Iteration 11  CC energy:   -75.06242477  Energy decrease:   0.00001015
 ======================================================================
 Norm of residual vector:     0.00017117
 CPU time [min]: 22263.077                   Wall time [min]:  3180.906
 
 Iteration 12  CC energy:   -75.06242136  Energy decrease:   0.00000341
 ======================================================================
 Norm of residual vector:     0.00007146
 CPU time [min]: 24105.978                   Wall time [min]:  3456.877
 
 Iteration 13  CC energy:   -75.06242412  Energy decrease:   0.00000276
 ======================================================================
 Norm of residual vector:     0.00002858
 CPU time [min]: 25926.253                   Wall time [min]:  3732.585
 
 Iteration 14  CC energy:   -75.06242408  Energy decrease:   0.00000004
 ======================================================================
 Norm of residual vector:     0.00001009
 CPU time [min]: 27860.610                   Wall time [min]:  4022.062
 
 Iteration 15  CC energy:   -75.06242397  Energy decrease:   0.00000010
 ======================================================================
 Norm of residual vector:     0.00000455
 CPU time [min]: 29667.541                   Wall time [min]:  4301.137
 
 Iteration 16  CC energy:   -75.06242404  Energy decrease:   0.00000007
 ======================================================================
 Norm of residual vector:     0.00000168
 CPU time [min]: 31533.621                   Wall time [min]:  4589.387
 
 Iteration 17  CC energy:   -75.06242400  Energy decrease:   0.00000004
 ======================================================================
 Norm of residual vector:     0.00000064
 CPU time [min]: 33484.594                   Wall time [min]:  4888.238
 
 Iteration 18  CC energy:   -75.06242400  Energy decrease:   4.1703E-09
 ======================================================================
 
 Iteration has converged in 18 steps.
 
 Final results:
 Total CCSDTQ energy [au]:                    -75.062424001511
 
 Dominant cluster amplitudes
 Printing threshold:  1.00E-02
 
    1.000000  Reference determinant                                     
   -0.019626  2b -> 14b                                                 
   -0.011058  2b -> 18b                                                 
   -0.031916  2b -> 26b                                                 
    0.012526  2b -> 30b                                                 
   -0.020072  2b -> 51b                                                 
   -0.869242  3b -> 6b                                                  
   -0.362740  3b -> 15b                                                 
   -0.114409  3b -> 31b                                                 
   -0.025377  3b -> 56b                                                 
    0.020978  2a -> 30a                                                 
    0.018428  2a -> 55a                                                 
    0.014554  3a -> 6a                                                  
    0.012302  3a -> 15a                                                 
    0.012690  3a -> 48a                                                 
   -0.012664  4a -> 32a                                                 
   -0.017784  5a -> 8a                                                  
   -0.033712  5a -> 17a                                                 
   -0.023808  5a -> 33a                                                 
    0.013661  5a -> 50a                                                 
   -0.012343  2b 3b -> 5b 13b                                           
    0.014517  2b 3b -> 15b 18b                                          
   -0.012526  2b 3b -> 4b 27b                                           
    0.013232  2b 3b -> 7b 27b                                           
   -0.019905  2b 3b -> 5b 29b                                           
   -0.011529  2b 3b -> 18b 31b                                          
   -0.012663  2b 3b -> 5b 54b                                           
   -0.011887  2a 2b -> 18a 18b                                          
   -0.013625  3a 3b -> 18a 18b                                          
   -0.017220  3a 3b -> 26a 30b                                          
   -0.011014  3a 3b -> 51a 30b                                          
   -0.012213  3a 3b -> 26a 55b                                          
   -0.013376  3a 3b -> 51a 55b                                          
   -0.017279  3a 3b -> 29a 29b                                          
   -0.011291  3a 3b -> 54a 29b                                          
   -0.011931  3a 3b -> 29a 54b                                          
   -0.013362  3a 3b -> 54a 54b                                          
   -0.017220  3a 3b -> 27a 27b                                          
   -0.011014  3a 3b -> 52a 27b                                          
   -0.012213  3a 3b -> 27a 52b                                          
   -0.013376  3a 3b -> 52a 52b                                          
   -0.011421  3a 3b -> 6a 6b                                            
   -0.021271  3a 3b -> 15a 6b                                           
   -0.014291  3a 3b -> 31a 6b                                           
   -0.021771  3a 3b -> 6a 15b                                           
   -0.043294  3a 3b -> 15a 15b                                          
   -0.033427  3a 3b -> 31a 15b                                          
   -0.015387  3a 3b -> 6a 31b                                           
   -0.034520  3a 3b -> 15a 31b                                          
   -0.035956  3a 3b -> 31a 31b                                          
   -0.014147  3a 3b -> 56a 31b                                          
   -0.014720  3a 3b -> 31a 56b                                          
   -0.012759  3a 3b -> 56a 56b                                          
    0.013970  2a 2b -> 17a 5b                                           
    0.012731  3a 3b -> 17a 5b                                           
   -0.012481  5a 3b -> 30a 29b                                          
   -0.012203  5a 3b -> 28a 27b                                          
   -0.012203  5a 3b -> 29a 30b                                          
    0.017201  5a 3b -> 6a 5b                                            
    0.022792  5a 3b -> 15a 5b                                           
   -0.010288  5a 3b -> 48a 5b                                           
   -0.015710  5a 3b -> 17a 6b                                           
   -0.011663  5a 3b -> 33a 6b                                           
   -0.014155  5a 3b -> 8a 15b                                           
   -0.031084  5a 3b -> 17a 15b                                          
   -0.026157  5a 3b -> 33a 15b                                          
   -0.024100  5a 3b -> 17a 31b                                          
   -0.026475  5a 3b -> 33a 31b                                          
   -0.011281  5a 3b -> 58a 31b                                          
   -0.011155  5a 3b -> 33a 56b                                          
   -0.012221  4a 3b -> 28a 29b                                          
    0.010232  4a 3b -> 6a 4b                                            
    0.012898  4a 3b -> 15a 4b                                           
   -0.011235  4a 3b -> 6a 7b                                            
   -0.014768  4a 3b -> 15a 7b                                           
   -0.012344  4a 3b -> 15a 16b                                          
   -0.015651  4a 3b -> 16a 6b                                           
   -0.011350  4a 3b -> 32a 6b                                           
   -0.014712  4a 3b -> 7a 15b                                           
   -0.031067  4a 3b -> 16a 15b                                          
   -0.025578  4a 3b -> 32a 15b                                          
   -0.010257  4a 3b -> 7a 31b                                           
   -0.024247  4a 3b -> 16a 31b                                          
   -0.026080  4a 3b -> 32a 31b                                          
   -0.011143  4a 3b -> 57a 31b                                          
   -0.011086  4a 3b -> 32a 56b                                          
   -0.010766  2a 3b -> 18a 6b                                           
   -0.014911  2a 3b -> 9a 15b                                           
   -0.023849  2a 3b -> 18a 15b                                          
    0.014236  2a 3b -> 43a 15b                                          
   -0.012425  2a 3b -> 9a 31b                                           
   -0.022732  2a 3b -> 18a 31b                                          
    0.018413  2a 3b -> 43a 31b                                          
    0.010309  2a 3b -> 43a 56b                                          
   -0.014731  2a 3b -> 29a 5b                                           
   -0.014158  2a 3b -> 54a 5b                                           
   -0.011942  3a 2b -> 13a 5b                                           
   -0.025487  3a 2b -> 29a 5b                                           
   -0.020238  3a 2b -> 54a 5b                                           
   -0.016112  3a 2b -> 27a 4b                                           
   -0.011877  3a 2b -> 52a 4b                                           
    0.017008  3a 2b -> 27a 7b                                           
    0.013167  3a 2b -> 52a 7b                                           
    0.010848  3a 2b -> 27a 16b                                          
    0.010130  3a 2b -> 52a 16b                                          
   -0.014135  3a 2b -> 15a 18b                                          
   -0.014414  3a 2b -> 31a 18b                                          
    0.011999  3a 2b -> 31a 43b                                          
    0.016113  4a 2b -> 26a 4b                                           
    0.011877  4a 2b -> 51a 4b                                           
   -0.017031  4a 2b -> 26a 7b                                           
   -0.010370  4a 2b -> 30a 7b                                           
   -0.013157  4a 2b -> 51a 7b                                           
   -0.010936  4a 2b -> 26a 16b                                          
   -0.010103  4a 2b -> 51a 16b                                          
   -0.011996  4a 2b -> 12a 5b                                           
   -0.026087  4a 2b -> 28a 5b                                           
   -0.020729  4a 2b -> 53a 5b                                           
   -0.013523  4a 2b -> 16a 18b                                          
   -0.014400  4a 2b -> 32a 18b                                          
    0.011987  4a 2b -> 32a 43b                                          
    0.011699  5a 2b -> 9a 5b                                            
   -0.013802  5a 2b -> 14a 5b                                           
    0.014157  5a 2b -> 18a 5b                                           
   -0.029630  5a 2b -> 30a 5b                                           
   -0.023884  5a 2b -> 55a 5b                                           
   -0.016474  5a 2b -> 28a 4b                                           
   -0.012325  5a 2b -> 53a 4b                                           
    0.017400  5a 2b -> 28a 7b                                           
    0.013640  5a 2b -> 53a 7b                                           
    0.011150  5a 2b -> 28a 16b                                          
    0.010440  5a 2b -> 53a 16b                                          
   -0.013491  5a 2b -> 17a 18b                                          
   -0.014656  5a 2b -> 33a 18b                                          
    0.012185  5a 2b -> 33a 43b                                          
   -0.012634  4a 5a -> 16a 17a                                          
   -0.010508  4a 5a -> 28a 30a                                          
    0.011687  4a 5a -> 17a 32a                                          
   -0.012021  4a 5a -> 16a 33a                                          
   -0.013793  4a 5a -> 32a 33a                                          
   -0.013160  3a 5a -> 15a 17a                                          
   -0.010960  3a 5a -> 29a 30a                                          
    0.011221  3a 5a -> 17a 31a                                          
   -0.012354  3a 5a -> 15a 33a                                          
   -0.013362  3a 5a -> 31a 33a                                          
   -0.013167  3a 4a -> 15a 16a                                          
   -0.012877  3a 4a -> 26a 27a                                          
    0.011304  3a 4a -> 16a 31a                                          
   -0.012094  3a 4a -> 15a 32a                                          
   -0.013167  3a 4a -> 31a 32a                                          
   -0.010189  3a 4a -> 51a 52a                                          
 
 ************************ 2025-08-02 20:13:51 *************************
                      Normal termination of mrcc.
 **********************************************************************
Program finished with exit code 0 at: Sat Aug  2 20:13:51 EDT 2025
